logprob,n_clusters,n_procs,clusters
-12244.127166748047,23,1,04-A-M_0158860;04-A-M_0158870;04-A-M_0158880;04-A-M_0158890;04-A-M_0158900;04-A-M_0158910;04-A-M_0158920;04-A-M_0158930;04-A-M_0158940;04-A-M_0158950;1.d0;11.d0;21.d0;31.d0;41.d0;51.d0;61.d0;71.d0;81.d0;91.d0;H3-F090064:H3-F133792:H3-F098459:H3-F126599:H3-F184236:H3-H083315:H3-H137508;H3-G063242;H3-G103322:H3-G158772
-12187.069203825899,22,1,04-A-M_0158860;04-A-M_0158870;04-A-M_0158880;04-A-M_0158890;04-A-M_0158900;04-A-M_0158910;04-A-M_0158920;04-A-M_0158930;04-A-M_0158940;04-A-M_0158950;1.d0;11.d0;21.d0;31.d0;41.d0;51.d0;61.d0;71.d0;81.d0;91.d0;H3-F090064:H3-F133792:H3-F098459:H3-F126599:H3-F184236:H3-H083315:H3-H137508;H3-G063242:H3-G103322:H3-G158772
