nth_best,unique_ids,v_gene,d_gene,j_gene,fv_insertion,vd_insertion,dj_insertion,jf_insertion,v_5p_del,v_3p_del,d_5p_del,d_3p_del,j_5p_del,j_3p_del,logprob,seqs,errors
0,-638920401362797207,IGHV3-66*03,IGHD3-9*01,IGHJ5*02,NNN,CGA,,NNNNNNNNNNNNNNNNNNNNNNNNNNNNNN,0,2,0,9,3,0,-314.74,NNNGAGATGGAGCTGGTGGAGTCTGGAGGACCCTTAACCCAGCGTGGGGGGACCTAGCGAGTCTTCTGTATAGTCTCTGCGTTCACCGTCAGTCGCAACTACATGAACTAGGTCCGCCAGGCTGCAGGGAAGGGGCTGGGGTGGTTCTTAGTTATTTGAAGCTTAGGTACTAGATACTACGGAGACTCCGTGAAAGGCCTATTCACCGTCTTCAGAGACACTTCCAAGAGCACCCCTTCTCTTCTATCAAACCGCCTGAGATCTGCTCACACGCCTGTGTTTTGCTGTGTGGCACGACCGGGGCGATATTTTGACGGGTTGTCGGTGGACGTCTGGGGCCGGGGAACCCTGGTCACCGTCTCCTCCGNNNNNNNNNNNNNNNNNNNNNNNNNNNNNN,
1,-638920401362797207,IGHV3-66*03,IGHD3-9*01,IGHJ5*02,NNN,CGA,G,NNNNNNNNNNNNNNNNNNNNNNNNNNNNNN,0,2,0,8,5,0,-315.256,NNNGAGATGGAGCTGGTGGAGTCTGGAGGACCCTTAACCCAGCGTGGGGGGACCTAGCGAGTCTTCTGTATAGTCTCTGCGTTCACCGTCAGTCGCAACTACATGAACTAGGTCCGCCAGGCTGCAGGGAAGGGGCTGGGGTGGTTCTTAGTTATTTGAAGCTTAGGTACTAGATACTACGGAGACTCCGTGAAAGGCCTATTCACCGTCTTCAGAGACACTTCCAAGAGCACCCCTTCTCTTCTATCAAACCGCCTGAGATCTGCTCACACGCCTGTGTTTTGCTGTGTGGCACGACCGGGGCGATATTTTGACGGGTTGTCGGTGGACGTCTGGGGCCGGGGAACCCTGGTCACCGTCTCCTCCGNNNNNNNNNNNNNNNNNNNNNNNNNNNNNN,
2,-638920401362797207,IGHV3-66*03,IGHD3-9*01,IGHJ5*02,NNN,CGA,T,NNNNNNNNNNNNNNNNNNNNNNNNNNNNNN,0,2,0,10,3,0,-315.346,NNNGAGATGGAGCTGGTGGAGTCTGGAGGACCCTTAACCCAGCGTGGGGGGACCTAGCGAGTCTTCTGTATAGTCTCTGCGTTCACCGTCAGTCGCAACTACATGAACTAGGTCCGCCAGGCTGCAGGGAAGGGGCTGGGGTGGTTCTTAGTTATTTGAAGCTTAGGTACTAGATACTACGGAGACTCCGTGAAAGGCCTATTCACCGTCTTCAGAGACACTTCCAAGAGCACCCCTTCTCTTCTATCAAACCGCCTGAGATCTGCTCACACGCCTGTGTTTTGCTGTGTGGCACGACCGGGGCGATATTTTGACGGGTTGTCGGTGGACGTCTGGGGCCGGGGAACCCTGGTCACCGTCTCCTCCGNNNNNNNNNNNNNNNNNNNNNNNNNNNNNN,
0,-2081975964746094308,IGHV3-66*03,IGHD3-3*01,IGHJ5*02,NNN,GACCGCG,C,NNNNNNNNNNNNNNNNNNNNNNNNNNNNNN,0,1,5,6,7,0,-310.939,NNNGAGGTGTAGCTGGTGGAGTCAGGAGGACACTTAATACATCCTGGGGCGTCACTGAGACTCTCCTGCGCAACCTTTGGGTTCACCGTTAGTCGCAACTACGTGAGCTGGGCCCGTCACGCTCCAGCGTAGGGGCTGGAGTGGGTCTCAGTTATATATAGCCGTGGTAGACCACACTACACAGATTCCGTGATGGGCCGGTCCACCATCTCCCGATACAATTGTAAGGGTACGCTCTATCTACAGATGCACCGCCTTGGACCTGAAGACACGCCCGTATATTACTGTGTGAGAGGACCGCGACGATGTTTGGGCTGGTTCTCACTAGTCCTATGGGGCCAGGGAATCCTGGTCACCGTCACCTCAGNNNNNNNNNNNNNNNNNNNNNNNNNNNNNN,
1,-2081975964746094308,IGHV3-66*03,IGHD3-3*01,IGHJ5*02,NNN,GACCGCG,,NNNNNNNNNNNNNNNNNNNNNNNNNNNNNN,0,1,5,9,3,0,-311.51,NNNGAGGTGTAGCTGGTGGAGTCAGGAGGACACTTAATACATCCTGGGGCGTCACTGAGACTCTCCTGCGCAACCTTTGGGTTCACCGTTAGTCGCAACTACGTGAGCTGGGCCCGTCACGCTCCAGCGTAGGGGCTGGAGTGGGTCTCAGTTATATATAGCCGTGGTAGACCACACTACACAGATTCCGTGATGGGCCGGTCCACCATCTCCCGATACAATTGTAAGGGTACGCTCTATCTACAGATGCACCGCCTTGGACCTGAAGACACGCCCGTATATTACTGTGTGAGAGGACCGCGACGATGTTTGGGCTGGTTCTCACTAGTCCTATGGGGCCAGGGAATCCTGGTCACCGTCACCTCAGNNNNNNNNNNNNNNNNNNNNNNNNNNNNNN,
2,-2081975964746094308,IGHV3-66*03,IGHD3-9*01,IGHJ4*02,NNN,GA,,NNNNNNNNNNNNNNNNNNNNNNNNNNNNNN,0,1,0,8,1,0,-311.819,NNNGAGGTGTAGCTGGTGGAGTCAGGAGGACACTTAATACATCCTGGGGCGTCACTGAGACTCTCCTGCGCAACCTTTGGGTTCACCGTTAGTCGCAACTACGTGAGCTGGGCCCGTCACGCTCCAGCGTAGGGGCTGGAGTGGGTCTCAGTTATATATAGCCGTGGTAGACCACACTACACAGATTCCGTGATGGGCCGGTCCACCATCTCCCGATACAATTGTAAGGGTACGCTCTATCTACAGATGCACCGCCTTGGACCTGAAGACACGCCCGTATATTACTGTGTGAGAGGACCGCGACGATGTTTGGGCTGGTTCTCACTAGTCCTATGGGGCCAGGGAATCCTGGTCACCGTCACCTCAGNNNNNNNNNNNNNNNNNNNNNNNNNNNNNN,
0,-7022546720339776295,IGHV1-2*02,IGHD2-15*01,IGHJ1*01,,T,GAGCCACGTCGCATAATTA,,0,1,0,0,1,0,-175.773,CAGGCGCCGCTGGTGCAGTCTGGGGCTGAGGTGAAGAAGCCTGGGGCCTCAGTGATGATCTCCTGCGTGGCTTCTGGATACACATTCACTGGCTTTTAGTTGCACTGGGTACGACAGGCCCCTGGACAAGGGTTTGAGTGGATGGGATGGATCAACCCTAACGGTGGTGACACAAACTATGCACAGAGTTTTCAGGGCAGAATGACCATGACCAGGGACACGTCCACGAGCACGGCTTACATGGACGTGAGCAGGCTGAGATCTGACGACACGGCCCTGTATTACTGTGCGCGAGTAGGATATTGTAGTGGTGGTAGCTGTAACTCCGAGCCACGTCGCATAATTACTGAAAACTTCCAGCACTGGGGCCAGGGCACCCTGGTCAACGTTTCCTCAG,
1,-7022546720339776295,IGHV1-2*02,IGHD2-15*01,IGHJ1*01,,T,CGAGCCACGTCGCATAATTA,,0,1,0,1,1,0,-179.231,CAGGCGCCGCTGGTGCAGTCTGGGGCTGAGGTGAAGAAGCCTGGGGCCTCAGTGATGATCTCCTGCGTGGCTTCTGGATACACATTCACTGGCTTTTAGTTGCACTGGGTACGACAGGCCCCTGGACAAGGGTTTGAGTGGATGGGATGGATCAACCCTAACGGTGGTGACACAAACTATGCACAGAGTTTTCAGGGCAGAATGACCATGACCAGGGACACGTCCACGAGCACGGCTTACATGGACGTGAGCAGGCTGAGATCTGACGACACGGCCCTGTATTACTGTGCGCGAGTAGGATATTGTAGTGGTGGTAGCTGTAACTCCGAGCCACGTCGCATAATTACTGAAAACTTCCAGCACTGGGGCCAGGGCACCCTGGTCAACGTTTCCTCAG,
2,-7022546720339776295,IGHV1-2*02,IGHD2-15*01,IGHJ1*01,,,GAGCCACGTCGCATAATTA,,0,0,0,0,1,0,-180.981,CAGGCGCCGCTGGTGCAGTCTGGGGCTGAGGTGAAGAAGCCTGGGGCCTCAGTGATGATCTCCTGCGTGGCTTCTGGATACACATTCACTGGCTTTTAGTTGCACTGGGTACGACAGGCCCCTGGACAAGGGTTTGAGTGGATGGGATGGATCAACCCTAACGGTGGTGACACAAACTATGCACAGAGTTTTCAGGGCAGAATGACCATGACCAGGGACACGTCCACGAGCACGGCTTACATGGACGTGAGCAGGCTGAGATCTGACGACACGGCCCTGTATTACTGTGCGCGAGTAGGATATTGTAGTGGTGGTAGCTGTAACTCCGAGCCACGTCGCATAATTACTGAAAACTTCCAGCACTGGGGCCAGGGCACCCTGGTCAACGTTTCCTCAG,
