
setting rescale emissions to true

read gl from data/imgt
-8573161796694412968
         k_v: 75 [68-82)
         k_d: 25 [8-31)
         used  v: 85/85  d: 43/43  j: 4/4 
      true:                                                                                   GACCGGG                 GCCGCC                                                  inserts
                                                                                                     GTATTACTATGGTTCGG..............                                          [1m[91md[0m[0m[95m3[0m-[95m10[0m[93m01[0m
          ...221...TTCCAAGAACACGCTGTATCTGCAAATGAACAGCCTGAGAGCTGAGGACACGGCTGTGTATTACTGTGCGAAAGA                           ...TGCTTTTGATATCTGGGGCCAAGGG......................   [1m[91mv[0m[0m[95m3[0m-[95mnl1[0m[93m01[0m [1m[91mj[0m[0m[95m3[0m[93m02[0m
                   TTC[91mT[0mAAGAACAC[91mT[0m[91mG[0mT[91mA[0mTATCTGCAAATGAACAGCCTGA[91mA[0mA[91mT[0m[91mT[0mTGAGGACACGGCTGTGTATTAC[7mT[m[7mG[m[7mT[mGCGAAAGAGACCG[91mA[0mGGTATTAC[91mA[0mATGG[91mG[0m[91mA[0mCGGGCCGCCTGCTT[91mC[0mTGATATC[7mT[m[7mG[m[7mG[mGGCCAAGGG                         muted: 0.09   cdr3: 57
      inferred:                                                                               GACCGAG                  CCGCC                                                  inserts
                                                                                                     GTATTACTATGGTTCGGG.............                                          [1m[91md[0m[0m[95m3[0m-[95m10[0m[93m01[0m
          ...221...TTCCAAGAACACGCTGTATCTGCAAATGAACAGCCTGAGAGCTGAGGACACGGCTGTGTATTACTGTGCGAAAGA                           ...TGCTTTTGATATCTGGGGCCAAGGG......................   [1m[91mv[0m[0m[95m3[0m-[95mnl1[0m[93m01[0m [1m[91mj[0m[0m[95m3[0m[93m02[0m
                   TTC[91mT[0mAAGAACAC[91mT[0m[91mG[0mT[91mA[0mTATCTGCAAATGAACAGCCTGA[91mA[0mA[91mT[0m[91mT[0mTGAGGACACGGCTGTGTATTAC[7mT[m[7mG[m[7mT[mGCGAAAGAGACCGAGGTATTAC[91mA[0mATGG[91mG[0m[91mA[0mCGGGCCGCCTGCTT[91mC[0mTGATATC[7mT[m[7mG[m[7mG[mGGCCAAGGG                         muted: 0.08   cdr3: 57
3503399422900967213
         k_v: 75 [68-82)
         k_d: 25 [6-31)
         used  v: 82/82  d: 40/40  j: 7/7 
      true:                                                                                   GACCGGG                 GCCGCC                                                  inserts
                                                                                                     GTATTACTATGGTTCGG..............                                          [1m[91md[0m[0m[95m3[0m-[95m10[0m[93m01[0m
          ...221...TTCCAAGAACACGCTGTATCTGCAAATGAACAGCCTGAGAGCTGAGGACACGGCTGTGTATTACTGTGCGAAAGA                           ...TGCTTTTGATATCTGGGGCCAAGGG......................   [1m[91mv[0m[0m[95m3[0m-[95mnl1[0m[93m01[0m [1m[91mj[0m[0m[95m3[0m[93m02[0m
                   TTC[91mT[0mAAGAACAC[91mA[0m[91mA[0mT[91mT[0mTATCTGCAAATGAACAGCCTGAGA[91mA[0mCTGA[91mC[0mGACACGG[91mG[0mTGTGTATTAC[7mT[m[7mG[m[7mT[mGCGAAAGAGACCGGGGTATTACTATGG[91mA[0m[91mA[0mCGGGCCGCCTGCTTTTGATATC[7mT[m[7mG[m[7mG[mGGCCA[91mG[0mGGG                         muted: 0.08   cdr3: 57
      inferred:                                                                               GACCGGG                  CCGCC                                                  inserts
                                                                                                     GTATTACTATGGTTCGGG.............                                          [1m[91md[0m[0m[95m3[0m-[95m10[0m[93m01[0m
          ...221...TTCCAAGAACACGCTGTATCTGCAAATGAACAGCCTGAGAGCTGAGGACACGGCTGTGTATTACTGTGCGAAAGA                           ...TGCTTTTGATATCTGGGGCCAAGGG......................   [1m[91mv[0m[0m[95m3[0m-[95mnl1[0m[93m01[0m [1m[91mj[0m[0m[95m3[0m[93m02[0m
                   TTC[91mT[0mAAGAACAC[91mA[0m[91mA[0mT[91mT[0mTATCTGCAAATGAACAGCCTGAGA[91mA[0mCTGA[91mC[0mGACACGG[91mG[0mTGTGTATTAC[7mT[m[7mG[m[7mT[mGCGAAAGAGACCGGGGTATTACTATGG[91mA[0m[91mA[0mCGGGCCGCCTGCTTTTGATATC[7mT[m[7mG[m[7mG[mGGCCA[91mG[0mGGG                         muted: 0.08   cdr3: 57
7695741342994317054
         k_v: 75 [68-82)
         k_d: 25 [6-31)
         used  v: 82/82  d: 40/40  j: 7/7 
      true:                                                                                   GACCGGG                 GCCGCC                                                  inserts
                                                                                                     GTATTACTATGGTTCGG..............                                          [1m[91md[0m[0m[95m3[0m-[95m10[0m[93m01[0m
          ...221...TTCCAAGAACACGCTGTATCTGCAAATGAACAGCCTGAGAGCTGAGGACACGGCTGTGTATTACTGTGCGAAAGA                           ...TGCTTTTGATATCTGGGGCCAAGGG......................   [1m[91mv[0m[0m[95m3[0m-[95mnl1[0m[93m01[0m [1m[91mj[0m[0m[95m3[0m[93m02[0m
                   TTC[91mT[0mAAGAACAC[91mA[0m[91mA[0mT[91mT[0mTATCTGCAAATGAACAGCCTGAGA[91mA[0mCTGA[91mC[0mGACACGGCTGTGTATTAC[7mT[m[7mG[m[7mT[mGCGAAAGAGACCGGGGTATTACTATGG[91mA[0m[91mA[0mCGGGCCGCCTGCTTTTGATATC[7mT[m[7mG[m[7mG[mGGCCA[91mG[0mGGG                         muted: 0.07   cdr3: 57
      inferred:                                                                               GACCGGG                  CCGCC                                                  inserts
                                                                                                     GTATTACTATGGTTCGGG.............                                          [1m[91md[0m[0m[95m3[0m-[95m10[0m[93m01[0m
          ...221...TTCCAAGAACACGCTGTATCTGCAAATGAACAGCCTGAGAGCTGAGGACACGGCTGTGTATTACTGTGCGAAAGA                           ...TGCTTTTGATATCTGGGGCCAAGGG......................   [1m[91mv[0m[0m[95m3[0m-[95mnl1[0m[93m01[0m [1m[91mj[0m[0m[95m3[0m[93m02[0m
                   TTC[91mT[0mAAGAACAC[91mA[0m[91mA[0mT[91mT[0mTATCTGCAAATGAACAGCCTGAGA[91mA[0mCTGA[91mC[0mGACACGGCTGTGTATTAC[7mT[m[7mG[m[7mT[mGCGAAAGAGACCGGGGTATTACTATGG[91mA[0m[91mA[0mCGGGCCGCCTGCTTTTGATATC[7mT[m[7mG[m[7mG[mGGCCA[91mG[0mGGG                         muted: 0.07   cdr3: 57
  processed 3 queries
hmm
    writing input
    not found in test/regression/parameters/simu/hmm, i.e. were never the best sw match for any query, so removing from consideration for hmm:
      v: [1m[91mv[0m[0m[95m3[0m-[95m11[0m[93m01[0m [1m[91mv[0m[0m[95m3[0m-[95m11[0m[93m03[0m [1m[91mv[0m[0m[95m3[0m-[95m11[0m[93m05[0m [1m[91mv[0m[0m[95m3[0m-[95m11[0m[93m06[0m [1m[91mv[0m[0m[95m3[0m-[95m15[0m[93m01[0m [1m[91mv[0m[0m[95m3[0m-[95m15[0m[93m02[0m [1m[91mv[0m[0m[95m3[0m-[95m15[0m[93m03[0m [1m[91mv[0m[0m[95m3[0m-[95m15[0m[93m04[0m [1m[91mv[0m[0m[95m3[0m-[95m15[0m[93m06[0m [1m[91mv[0m[0m[95m3[0m-[95m15[0m[93m07[0m [1m[91mv[0m[0m[95m3[0m-[95m21[0m[93m01[0m [1m[91mv[0m[0m[95m3[0m-[95m21[0m[93m02[0m [1m[91mv[0m[0m[95m3[0m-[95m21[0m[93m03[0m [1m[91mv[0m[0m[95m3[0m-[95m21[0m[93m04[0m [1m[91mv[0m[0m[95m3[0m-[95m23[0m[93m01[0m [1m[91mv[0m[0m[95m3[0m-[95m23[0m[93m02[0m [1m[91mv[0m[0m[95m3[0m-[95m23[0m[93m03[0m [1m[91mv[0m[0m[95m3[0m-[95m23[0m[93m04[0m [1m[91mv[0m[0m[95m3[0m-[95m23[0m[93m05[0m [1m[91mv[0m[0m[95m3[0m-[95m25[0m[93m04[0m [1m[91mv[0m[0m[95m3[0m-[95m30[0m[93m01[0m [1m[91mv[0m[0m[95m3[0m-[95m30[0m[93m02[0m [1m[91mv[0m[0m[95m3[0m-[95m30[0m[93m03[0m [1m[91mv[0m[0m[95m3[0m-[95m30[0m[93m04[0m [1m[91mv[0m[0m[95m3[0m-[95m30[0m[93m06[0m [1m[91mv[0m[0m[95m3[0m-[95m30[0m[93m07[0m [1m[91mv[0m[0m[95m3[0m-[95m30[0m[93m08[0m [1m[91mv[0m[0m[95m3[0m-[95m30[0m[93m09[0m [1m[91mv[0m[0m[95m3[0m-[95m30[0m[93m10[0m [1m[91mv[0m[0m[95m3[0m-[95m30[0m[93m11[0m [1m[91mv[0m[0m[95m3[0m-[95m30[0m[93m12[0m [1m[91mv[0m[0m[95m3[0m-[95m30[0m[93m13[0m [1m[91mv[0m[0m[95m3[0m-[95m30[0m[93m14[0m [1m[91mv[0m[0m[95m3[0m-[95m30[0m[93m16[0m [1m[91mv[0m[0m[95m3[0m-[95m30[0m[93m17[0m [1m[91mv[0m[0m[95m3[0m-[95m30[0m[93m18[0m [1m[91mv[0m[0m[95m3[0m-[95m30[0m[93m19[0m [1m[91mv[0m[0m[95m3[0m-[95m30-3[0m[93m01[0m [1m[91mv[0m[0m[95m3[0m-[95m30-3[0m[93m02[0m [1m[91mv[0m[0m[95m3[0m-[95m30-3[0m[93m03[0m [1m[91mv[0m[0m[95m3[0m-[95m33[0m[93m01[0m [1m[91mv[0m[0m[95m3[0m-[95m33[0m[93m03[0m [1m[91mv[0m[0m[95m3[0m-[95m33[0m[93m04[0m [1m[91mv[0m[0m[95m3[0m-[95m33[0m[93m06[0m [1m[91mv[0m[0m[95m3[0m-[95m38-3[0m[93m01[0m [1m[91mv[0m[0m[95m3[0m-[95m48[0m[93m01[0m [1m[91mv[0m[0m[95m3[0m-[95m48[0m[93m02[0m [1m[91mv[0m[0m[95m3[0m-[95m48[0m[93m03[0m [1m[91mv[0m[0m[95m3[0m-[95m48[0m[93m04[0m [1m[91mv[0m[0m[95m3[0m-[95m53[0m[93m01[0m [1m[91mv[0m[0m[95m3[0m-[95m53[0m[93m03[0m [1m[91mv[0m[0m[95m3[0m-[95m53[0m[93m04[0m [1m[91mv[0m[0m[95m3[0m-[95m64[0m[93m01[0m [1m[91mv[0m[0m[95m3[0m-[95m64[0m[93m02[0m [1m[91mv[0m[0m[95m3[0m-[95m64[0m[93m03[0m [1m[91mv[0m[0m[95m3[0m-[95m64[0m[93m05[0m [1m[91mv[0m[0m[95m3[0m-[95m64d[0m[93m06[0m [1m[91mv[0m[0m[95m3[0m-[95m66[0m[93m01[0m [1m[91mv[0m[0m[95m3[0m-[95m66[0m[93m02[0m [1m[91mv[0m[0m[95m3[0m-[95m66[0m[93m04[0m [1m[91mv[0m[0m[95m3[0m-[95m69-1[0m[93m01[0m [1m[91mv[0m[0m[95m3[0m-[95m72[0m[93m01[0m [1m[91mv[0m[0m[95m3[0m-[95m73[0m[93m01[0m [1m[91mv[0m[0m[95m3[0m-[95m74[0m[93m01[0m [1m[91mv[0m[0m[95m3[0m-[95m9[0m[93m01[0m [1m[91mv[0m[0m[95m3[0m-[95m9[0m[93m02[0m [1m[91mv[0m[0m[95m3/or16[0m-[95m12[0m[93m01[0m [1m[91mv[0m[0m[95m3/or16[0m-[95m13[0m[93m01[0m [1m[91mv[0m[0m[95m3/or16[0m-[95m14[0m[93m01[0m [1m[91mv[0m[0m[95m3/or16[0m-[95m8[0m[93m01[0m [1m[91mv[0m[0m[95m3/or16[0m-[95m8[0m[93m02[0m
      d: [1m[91md[0m[0m[95m1[0m-[95m1[0m[93m01[0m [1m[91md[0m[0m[95m1[0m-[95m20[0m[93m01[0m [1m[91md[0m[0m[95m1[0m-[95m26[0m[93m01[0m [1m[91md[0m[0m[95m1[0m-[95m7[0m[93m01[0m [1m[91md[0m[0m[95m1/or15[0m-[95m1a[0m[93m01[0m [1m[91md[0m[0m[95m1/or15[0m-[95m1b[0m[93m01[0m [1m[91md[0m[0m[95m2[0m-[95m8[0m[93m01[0m [1m[91md[0m[0m[95m2[0m-[95m8[0m[93m02[0m [1m[91md[0m[0m[95m2/or15[0m-[95m2a[0m[93m01[0m [1m[91md[0m[0m[95m2/or15[0m-[95m2b[0m[93m01[0m [1m[91md[0m[0m[95m3/or15[0m-[95m3a[0m[93m01[0m [1m[91md[0m[0m[95m4[0m-[95m11[0m[93m01[0m [1m[91md[0m[0m[95m4[0m-[95m17[0m[93m01[0m [1m[91md[0m[0m[95m4/or15[0m-[95m4a[0m[93m01[0m [1m[91md[0m[0m[95m5[0m-[95m18[0m[93m01[0m [1m[91md[0m[0m[95m5/or15[0m-[95m5a[0m[93m01[0m [1m[91md[0m[0m[95m5/or15[0m-[95m5b[0m[93m01[0m [1m[91md[0m[0m[95m7[0m-[95m27[0m[93m01[0m
      j: [1m[91mj[0m[0m[95m4[0m[93m01[0m
    running
  ---------
       ----
           best kset:   75  19    -113.863   68-81   6-30   [91mv[0m[95m3[0m-[95m64[0m[93m04[0m:[91mv[0m[95m3[0m-[95m66[0m[93m03[0m:[91mv[0m[95m3[0m-[95mNL1[0m[93m01[0m  [91md[0m[95m2[0m-[95m2[0m[93m02[0m:[91md[0m[95m2[0m-[95m2[0m[93m03[0m:[91md[0m[95m3[0m-[95m10[0m[93m01[0m:[91md[0m[95m3[0m-[95m10[0m[93m02[0m:[91md[0m[95m3[0m-[95m22[0m[93m01[0m:[91md[0m[95m3[0m-[95m3[0m[93m01[0m:[91md[0m[95m3[0m-[95m9[0m[93m01[0m  [91mj[0m[95m3[0m[93m02[0m:[91mj[0m[95m4[0m[93m02[0m:[91mj[0m[95m6[0m[93m02[0m             -8573161796694412968 3503399422900967213
  ---------
       ----
           best kset:   75  19    -109.917   68-81   6-30   [91mv[0m[95m3[0m-[95m64[0m[93m04[0m:[91mv[0m[95m3[0m-[95m66[0m[93m03[0m:[91mv[0m[95m3[0m-[95mNL1[0m[93m01[0m  [91md[0m[95m2[0m-[95m2[0m[93m02[0m:[91md[0m[95m2[0m-[95m2[0m[93m03[0m:[91md[0m[95m3[0m-[95m10[0m[93m01[0m:[91md[0m[95m3[0m-[95m10[0m[93m02[0m:[91md[0m[95m3[0m-[95m22[0m[93m01[0m:[91md[0m[95m3[0m-[95m3[0m[93m01[0m:[91md[0m[95m3[0m-[95m9[0m[93m01[0m  [91mj[0m[95m3[0m[93m02[0m:[91mj[0m[95m4[0m[93m02[0m:[91mj[0m[95m6[0m[93m02[0m             -8573161796694412968 7695741342994317054
  ---------
       ----
           best kset:   75  19    -99.6017   68-81   6-30   [91mv[0m[95m3[0m-[95m64[0m[93m04[0m:[91mv[0m[95m3[0m-[95m66[0m[93m03[0m:[91mv[0m[95m3[0m-[95mNL1[0m[93m01[0m  [91md[0m[95m2[0m-[95m2[0m[93m02[0m:[91md[0m[95m2[0m-[95m2[0m[93m03[0m:[91md[0m[95m3[0m-[95m10[0m[93m01[0m:[91md[0m[95m3[0m-[95m10[0m[93m02[0m:[91md[0m[95m3[0m-[95m22[0m[93m01[0m:[91md[0m[95m3[0m-[95m3[0m[93m01[0m:[91md[0m[95m3[0m-[95m9[0m[93m01[0m  [91mj[0m[95m3[0m[93m02[0m:[91mj[0m[95m4[0m[93m02[0m:[91mj[0m[95m6[0m[93m02[0m              3503399422900967213 7695741342994317054
    read output
-8573161796694412968  3503399422900967213    1
    true:                                                                                   GACCGGG                 GCCGCC                                                  inserts
                                                                                                   GTATTACTATGGTTCGG..............                                          [1m[91md[0m[0m[95m3[0m-[95m10[0m[93m01[0m
        ...221...TTCCAAGAACACGCTGTATCTGCAAATGAACAGCCTGAGAGCTGAGGACACGGCTGTGTATTACTGTGCGAAAGA                           ...TGCTTTTGATATCTGGGGCCAAGGG......................   [1m[91mv[0m[0m[95m3[0m-[95mnl1[0m[93m01[0m [1m[91mj[0m[0m[95m3[0m[93m02[0m
                 TTC[91mT[0mAAGAACAC[91mT[0m[91mG[0mT[91mA[0mTATCTGCAAATGAACAGCCTGA[91mA[0mA[91mT[0m[91mT[0mTGAGGACACGGCTGTGTATTAC[7mT[m[7mG[m[7mT[mGCGAAAGAGACCG[91mA[0mGGTATTAC[91mA[0mATGG[91mG[0m[91mA[0mCGGGCCGCCTGCTT[91mC[0mTGATATC[7mT[m[7mG[m[7mG[mGGCCAAGGG                         muted: 0.09   cdr3: 57
                 TTC[91mT[0mAAGAACAC[91mA[0m[91mA[0mT[91mT[0mTATCTGCAAATGAACAGCCTGAGA[91mA[0mCTGA[91mC[0mGACACGG[91mG[0mTGTGTATTAC[7mT[m[7mG[m[7mT[mGCGAAAGAGACCGGGGTATTACTATGG[91mA[0m[91mA[0mCGGGCCGCCTGCTTTTGATATC[7mT[m[7mG[m[7mG[mGGCCA[91mG[0mGGG                         muted: 0.08   cdr3: 57
    inferred:                                                                               GACCGAG            GACGGGCCGCC                                                  inserts
                                                                                                   GTATTACTATGG...................                                          [1m[91md[0m[0m[95m3[0m-[95m10[0m[93m01[0m
        ...221...TTCCAAGAACACGCTGTATCTGCAAATGAACAGCCTGAGAGCTGAGGACACGGCTGTGTATTACTGTGCGAAAGA                           ...TGCTTTTGATATCTGGGGCCAAGGG......................   [1m[91mv[0m[0m[95m3[0m-[95mnl1[0m[93m01[0m [1m[91mj[0m[0m[95m3[0m[93m02[0m
                 TTC[91mT[0mAAGAACAC[91mT[0m[91mG[0mT[91mA[0mTATCTGCAAATGAACAGCCTGA[91mA[0mA[91mT[0m[91mT[0mTGAGGACACGGCTGTGTATTAC[7mT[m[7mG[m[7mT[mGCGAAAGAGACCGAGGTATTAC[91mA[0mATGGGACGGGCCGCCTGCTT[91mC[0mTGATATC[7mT[m[7mG[m[7mG[mGGCCAAGGG                         muted: 0.07  score: -113.863   cdr3: 57
                 TTC[91mT[0mAAGAACAC[91mA[0m[91mA[0mT[91mT[0mTATCTGCAAATGAACAGCCTGAGA[91mA[0mCTGA[91mC[0mGACACGG[91mG[0mTGTGTATTAC[7mT[m[7mG[m[7mT[mGCGAAAGAGACCG[91mG[0mGGTATTACTATGG[91mA[0mACGGGCCGCCTGCTTTTGATATC[7mT[m[7mG[m[7mG[mGGCCA[91mG[0mGGG                         muted: 0.08  score: -113.863   cdr3: 57
                                                                                            GACCGAG                  CCGCC                                                  inserts
                                                                                                   GTATTACTATGGTTCGGG.............                                          [1m[91md[0m[0m[95m3[0m-[95m10[0m[93m01[0m
        ...221...TTCCAAGAACACGCTGTATCTGCAAATGAACAGCCTGAGAGCTGAGGACACGGCTGTGTATTACTGTGCGAAAGA                           ...TGCTTTTGATATCTGGGGCCAAGGG......................   [1m[91mv[0m[0m[95m3[0m-[95mnl1[0m[93m01[0m [1m[91mj[0m[0m[95m3[0m[93m02[0m
                 TTC[91mT[0mAAGAACAC[91mT[0m[91mG[0mT[91mA[0mTATCTGCAAATGAACAGCCTGA[91mA[0mA[91mT[0m[91mT[0mTGAGGACACGGCTGTGTATTAC[7mT[m[7mG[m[7mT[mGCGAAAGAGACCGAGGTATTAC[91mA[0mATGG[91mG[0m[91mA[0mCGGGCCGCCTGCTT[91mC[0mTGATATC[7mT[m[7mG[m[7mG[mGGCCAAGGG                         muted: 0.08  score: -113.956   cdr3: 57
                 TTC[91mT[0mAAGAACAC[91mA[0m[91mA[0mT[91mT[0mTATCTGCAAATGAACAGCCTGAGA[91mA[0mCTGA[91mC[0mGACACGG[91mG[0mTGTGTATTAC[7mT[m[7mG[m[7mT[mGCGAAAGAGACCG[91mG[0mGGTATTACTATGG[91mA[0m[91mA[0mCGGGCCGCCTGCTTTTGATATC[7mT[m[7mG[m[7mG[mGGCCA[91mG[0mGGG                         muted: 0.08  score: -113.956   cdr3: 57
                                                                                            GACCGAG           GGACGGGCCGCC                                                  inserts
                                                                                                   GTATTACTATG....................                                          [1m[91md[0m[0m[95m3[0m-[95m10[0m[93m01[0m
        ...221...TTCCAAGAACACGCTGTATCTGCAAATGAACAGCCTGAGAGCTGAGGACACGGCTGTGTATTACTGTGCGAAAGA                           ...TGCTTTTGATATCTGGGGCCAAGGG......................   [1m[91mv[0m[0m[95m3[0m-[95mnl1[0m[93m01[0m [1m[91mj[0m[0m[95m3[0m[93m02[0m
                 TTC[91mT[0mAAGAACAC[91mT[0m[91mG[0mT[91mA[0mTATCTGCAAATGAACAGCCTGA[91mA[0mA[91mT[0m[91mT[0mTGAGGACACGGCTGTGTATTAC[7mT[m[7mG[m[7mT[mGCGAAAGAGACCGAGGTATTAC[91mA[0mATGGGACGGGCCGCCTGCTT[91mC[0mTGATATC[7mT[m[7mG[m[7mG[mGGCCAAGGG                         muted: 0.07  score: -114.699   cdr3: 57
                 TTC[91mT[0mAAGAACAC[91mA[0m[91mA[0mT[91mT[0mTATCTGCAAATGAACAGCCTGAGA[91mA[0mCTGA[91mC[0mGACACGG[91mG[0mTGTGTATTAC[7mT[m[7mG[m[7mT[mGCGAAAGAGACCG[91mG[0mGGTATTACTATGG[91mA[0mACGGGCCGCCTGCTTTTGATATC[7mT[m[7mG[m[7mG[mGGCCA[91mG[0mGGG                         muted: 0.08  score: -114.699   cdr3: 57
-8573161796694412968  7695741342994317054    1
    true:                                                                                   GACCGGG                 GCCGCC                                                  inserts
                                                                                                   GTATTACTATGGTTCGG..............                                          [1m[91md[0m[0m[95m3[0m-[95m10[0m[93m01[0m
        ...221...TTCCAAGAACACGCTGTATCTGCAAATGAACAGCCTGAGAGCTGAGGACACGGCTGTGTATTACTGTGCGAAAGA                           ...TGCTTTTGATATCTGGGGCCAAGGG......................   [1m[91mv[0m[0m[95m3[0m-[95mnl1[0m[93m01[0m [1m[91mj[0m[0m[95m3[0m[93m02[0m
                 TTC[91mT[0mAAGAACAC[91mT[0m[91mG[0mT[91mA[0mTATCTGCAAATGAACAGCCTGA[91mA[0mA[91mT[0m[91mT[0mTGAGGACACGGCTGTGTATTAC[7mT[m[7mG[m[7mT[mGCGAAAGAGACCG[91mA[0mGGTATTAC[91mA[0mATGG[91mG[0m[91mA[0mCGGGCCGCCTGCTT[91mC[0mTGATATC[7mT[m[7mG[m[7mG[mGGCCAAGGG                         muted: 0.09   cdr3: 57
                 TTC[91mT[0mAAGAACAC[91mA[0m[91mA[0mT[91mT[0mTATCTGCAAATGAACAGCCTGAGA[91mA[0mCTGA[91mC[0mGACACGGCTGTGTATTAC[7mT[m[7mG[m[7mT[mGCGAAAGAGACCGGGGTATTACTATGG[91mA[0m[91mA[0mCGGGCCGCCTGCTTTTGATATC[7mT[m[7mG[m[7mG[mGGCCA[91mG[0mGGG                         muted: 0.07   cdr3: 57
    inferred:                                                                               GACCGAG            GACGGGCCGCC                                                  inserts
                                                                                                   GTATTACTATGG...................                                          [1m[91md[0m[0m[95m3[0m-[95m10[0m[93m01[0m
        ...221...TTCCAAGAACACGCTGTATCTGCAAATGAACAGCCTGAGAGCTGAGGACACGGCTGTGTATTACTGTGCGAAAGA                           ...TGCTTTTGATATCTGGGGCCAAGGG......................   [1m[91mv[0m[0m[95m3[0m-[95mnl1[0m[93m01[0m [1m[91mj[0m[0m[95m3[0m[93m02[0m
                 TTC[91mT[0mAAGAACAC[91mT[0m[91mG[0mT[91mA[0mTATCTGCAAATGAACAGCCTGA[91mA[0mA[91mT[0m[91mT[0mTGAGGACACGGCTGTGTATTAC[7mT[m[7mG[m[7mT[mGCGAAAGAGACCGAGGTATTAC[91mA[0mATGGGACGGGCCGCCTGCTT[91mC[0mTGATATC[7mT[m[7mG[m[7mG[mGGCCAAGGG                         muted: 0.07  score: -109.917   cdr3: 57
                 TTC[91mT[0mAAGAACAC[91mA[0m[91mA[0mT[91mT[0mTATCTGCAAATGAACAGCCTGAGA[91mA[0mCTGA[91mC[0mGACACGGCTGTGTATTAC[7mT[m[7mG[m[7mT[mGCGAAAGAGACCG[91mG[0mGGTATTACTATGG[91mA[0mACGGGCCGCCTGCTTTTGATATC[7mT[m[7mG[m[7mG[mGGCCA[91mG[0mGGG                         muted: 0.07  score: -109.917   cdr3: 57
                                                                                            GACCGAG                  CCGCC                                                  inserts
                                                                                                   GTATTACTATGGTTCGGG.............                                          [1m[91md[0m[0m[95m3[0m-[95m10[0m[93m01[0m
        ...221...TTCCAAGAACACGCTGTATCTGCAAATGAACAGCCTGAGAGCTGAGGACACGGCTGTGTATTACTGTGCGAAAGA                           ...TGCTTTTGATATCTGGGGCCAAGGG......................   [1m[91mv[0m[0m[95m3[0m-[95mnl1[0m[93m01[0m [1m[91mj[0m[0m[95m3[0m[93m02[0m
                 TTC[91mT[0mAAGAACAC[91mT[0m[91mG[0mT[91mA[0mTATCTGCAAATGAACAGCCTGA[91mA[0mA[91mT[0m[91mT[0mTGAGGACACGGCTGTGTATTAC[7mT[m[7mG[m[7mT[mGCGAAAGAGACCGAGGTATTAC[91mA[0mATGG[91mG[0m[91mA[0mCGGGCCGCCTGCTT[91mC[0mTGATATC[7mT[m[7mG[m[7mG[mGGCCAAGGG                         muted: 0.08  score: -110.155   cdr3: 57
                 TTC[91mT[0mAAGAACAC[91mA[0m[91mA[0mT[91mT[0mTATCTGCAAATGAACAGCCTGAGA[91mA[0mCTGA[91mC[0mGACACGGCTGTGTATTAC[7mT[m[7mG[m[7mT[mGCGAAAGAGACCG[91mG[0mGGTATTACTATGG[91mA[0m[91mA[0mCGGGCCGCCTGCTTTTGATATC[7mT[m[7mG[m[7mG[mGGCCA[91mG[0mGGG                         muted: 0.08  score: -110.155   cdr3: 57
                                                                                            GACCGAG           GGACGGGCCGCC                                                  inserts
                                                                                                   GTATTACTATG....................                                          [1m[91md[0m[0m[95m3[0m-[95m10[0m[93m01[0m
        ...221...TTCCAAGAACACGCTGTATCTGCAAATGAACAGCCTGAGAGCTGAGGACACGGCTGTGTATTACTGTGCGAAAGA                           ...TGCTTTTGATATCTGGGGCCAAGGG......................   [1m[91mv[0m[0m[95m3[0m-[95mnl1[0m[93m01[0m [1m[91mj[0m[0m[95m3[0m[93m02[0m
                 TTC[91mT[0mAAGAACAC[91mT[0m[91mG[0mT[91mA[0mTATCTGCAAATGAACAGCCTGA[91mA[0mA[91mT[0m[91mT[0mTGAGGACACGGCTGTGTATTAC[7mT[m[7mG[m[7mT[mGCGAAAGAGACCGAGGTATTAC[91mA[0mATGGGACGGGCCGCCTGCTT[91mC[0mTGATATC[7mT[m[7mG[m[7mG[mGGCCAAGGG                         muted: 0.07  score: -110.769   cdr3: 57
                 TTC[91mT[0mAAGAACAC[91mA[0m[91mA[0mT[91mT[0mTATCTGCAAATGAACAGCCTGAGA[91mA[0mCTGA[91mC[0mGACACGGCTGTGTATTAC[7mT[m[7mG[m[7mT[mGCGAAAGAGACCG[91mG[0mGGTATTACTATGG[91mA[0mACGGGCCGCCTGCTTTTGATATC[7mT[m[7mG[m[7mG[mGGCCA[91mG[0mGGG                         muted: 0.07  score: -110.769   cdr3: 57
 3503399422900967213  7695741342994317054    1
    true:                                                                                   GACCGGG                 GCCGCC                                                  inserts
                                                                                                   GTATTACTATGGTTCGG..............                                          [1m[91md[0m[0m[95m3[0m-[95m10[0m[93m01[0m
        ...221...TTCCAAGAACACGCTGTATCTGCAAATGAACAGCCTGAGAGCTGAGGACACGGCTGTGTATTACTGTGCGAAAGA                           ...TGCTTTTGATATCTGGGGCCAAGGG......................   [1m[91mv[0m[0m[95m3[0m-[95mnl1[0m[93m01[0m [1m[91mj[0m[0m[95m3[0m[93m02[0m
                 TTC[91mT[0mAAGAACAC[91mA[0m[91mA[0mT[91mT[0mTATCTGCAAATGAACAGCCTGAGA[91mA[0mCTGA[91mC[0mGACACGG[91mG[0mTGTGTATTAC[7mT[m[7mG[m[7mT[mGCGAAAGAGACCGGGGTATTACTATGG[91mA[0m[91mA[0mCGGGCCGCCTGCTTTTGATATC[7mT[m[7mG[m[7mG[mGGCCA[91mG[0mGGG                         muted: 0.08   cdr3: 57
                 TTC[91mT[0mAAGAACAC[91mA[0m[91mA[0mT[91mT[0mTATCTGCAAATGAACAGCCTGAGA[91mA[0mCTGA[91mC[0mGACACGGCTGTGTATTAC[7mT[m[7mG[m[7mT[mGCGAAAGAGACCGGGGTATTACTATGG[91mA[0m[91mA[0mCGGGCCGCCTGCTTTTGATATC[7mT[m[7mG[m[7mG[mGGCCA[91mG[0mGGG                         muted: 0.07   cdr3: 57
    inferred:                                                                               GACCGGG            AACGGGCCGCC                                                  inserts
                                                                                                   GTATTACTATGG...................                                          [1m[91md[0m[0m[95m3[0m-[95m10[0m[93m01[0m
        ...221...TTCCAAGAACACGCTGTATCTGCAAATGAACAGCCTGAGAGCTGAGGACACGGCTGTGTATTACTGTGCGAAAGA                           ...TGCTTTTGATATCTGGGGCCAAGGG......................   [1m[91mv[0m[0m[95m3[0m-[95mnl1[0m[93m01[0m [1m[91mj[0m[0m[95m3[0m[93m02[0m
                 TTC[91mT[0mAAGAACAC[91mA[0m[91mA[0mT[91mT[0mTATCTGCAAATGAACAGCCTGAGA[91mA[0mCTGA[91mC[0mGACACGG[91mG[0mTGTGTATTAC[7mT[m[7mG[m[7mT[mGCGAAAGAGACCGGGGTATTACTATGGAACGGGCCGCCTGCTTTTGATATC[7mT[m[7mG[m[7mG[mGGCCA[91mG[0mGGG                         muted: 0.06  score: -99.6017   cdr3: 57
                 TTC[91mT[0mAAGAACAC[91mA[0m[91mA[0mT[91mT[0mTATCTGCAAATGAACAGCCTGAGA[91mA[0mCTGA[91mC[0mGACACGGCTGTGTATTAC[7mT[m[7mG[m[7mT[mGCGAAAGAGACCGGGGTATTACTATGGAACGGGCCGCCTGCTTTTGATATC[7mT[m[7mG[m[7mG[mGGCCA[91mG[0mGGG                         muted: 0.05  score: -99.6017   cdr3: 57
                                                                                            GACCGGG           GAACGGGCCGCC                                                  inserts
                                                                                                   GTATTACTATG....................                                          [1m[91md[0m[0m[95m3[0m-[95m10[0m[93m01[0m
        ...221...TTCCAAGAACACGCTGTATCTGCAAATGAACAGCCTGAGAGCTGAGGACACGGCTGTGTATTACTGTGCGAAAGA                           ...TGCTTTTGATATCTGGGGCCAAGGG......................   [1m[91mv[0m[0m[95m3[0m-[95mnl1[0m[93m01[0m [1m[91mj[0m[0m[95m3[0m[93m02[0m
                 TTC[91mT[0mAAGAACAC[91mA[0m[91mA[0mT[91mT[0mTATCTGCAAATGAACAGCCTGAGA[91mA[0mCTGA[91mC[0mGACACGG[91mG[0mTGTGTATTAC[7mT[m[7mG[m[7mT[mGCGAAAGAGACCGGGGTATTACTATGGAACGGGCCGCCTGCTTTTGATATC[7mT[m[7mG[m[7mG[mGGCCA[91mG[0mGGG                         muted: 0.06  score: -100.47   cdr3: 57
                 TTC[91mT[0mAAGAACAC[91mA[0m[91mA[0mT[91mT[0mTATCTGCAAATGAACAGCCTGAGA[91mA[0mCTGA[91mC[0mGACACGGCTGTGTATTAC[7mT[m[7mG[m[7mT[mGCGAAAGAGACCGGGGTATTACTATGGAACGGGCCGCCTGCTTTTGATATC[7mT[m[7mG[m[7mG[mGGCCA[91mG[0mGGG                         muted: 0.05  score: -100.47   cdr3: 57
                                                                                            GACCGGG          GGAACGGGCCGCC                                                  inserts
                                                                                                   GTATTACTAT.....................                                          [1m[91md[0m[0m[95m3[0m-[95m10[0m[93m01[0m
        ...221...TTCCAAGAACACGCTGTATCTGCAAATGAACAGCCTGAGAGCTGAGGACACGGCTGTGTATTACTGTGCGAAAGA                           ...TGCTTTTGATATCTGGGGCCAAGGG......................   [1m[91mv[0m[0m[95m3[0m-[95mnl1[0m[93m01[0m [1m[91mj[0m[0m[95m3[0m[93m02[0m
                 TTC[91mT[0mAAGAACAC[91mA[0m[91mA[0mT[91mT[0mTATCTGCAAATGAACAGCCTGAGA[91mA[0mCTGA[91mC[0mGACACGG[91mG[0mTGTGTATTAC[7mT[m[7mG[m[7mT[mGCGAAAGAGACCGGGGTATTACTATGGAACGGGCCGCCTGCTTTTGATATC[7mT[m[7mG[m[7mG[mGGCCA[91mG[0mGGG                         muted: 0.06  score: -101.625   cdr3: 57
                 TTC[91mT[0mAAGAACAC[91mA[0m[91mA[0mT[91mT[0mTATCTGCAAATGAACAGCCTGAGA[91mA[0mCTGA[91mC[0mGACACGGCTGTGTATTAC[7mT[m[7mG[m[7mT[mGCGAAAGAGACCGGGGTATTACTATGGAACGGGCCGCCTGCTTTTGATATC[7mT[m[7mG[m[7mG[mGGCCA[91mG[0mGGG                         muted: 0.05  score: -101.625   cdr3: 57
  processed 6 sequences (3 events)
