logprob,n_clusters,n_procs,clusters,adj_mi,n_true_clusters,bad_clusters
0.0,7,1,-2080101604789895302;-2280252615673289975:1675773970007513015:98456590169509497;-3591880460544979436:-483324214886310964:-5458919097958505508:-6193770431552123171:-6611115436431655579;-3911585815728708564:-4122839579584795100:-5316558025524101789:-5845035553006614818:-7351758655709609449:-7572307804919929914:-8796854508359823524:1677867120758854915:2176772620089074862:3866234804218666635:5467710978242270411;-413157260243039895:-6826369351452110878:-7227412132502892826:1170586248812824907:302636368009766604:5699038272143086653;-855738535199935740:2361595246321720733;4728833458935249735:4795010289911462777,0.90598074490861302,8,-3911585815728708564:-4122839579584795100:-5316558025524101789:-5845035553006614818:-7351758655709609449:-7572307804919929914:-8796854508359823524:1677867120758854915:2176772620089074862:3866234804218666635:5467710978242270411
