logprob,v_5p_del,d_5p_del,errors,naive_seq,unique_ids,v_3p_del,dj_insertion,vd_insertion,j_3p_del,v_gene,seqs,j_5p_del,jf_insertion,nth_best,d_3p_del,d_gene,j_gene,fv_insertion
-103.772,0,14,,NNNCAGGTTCAGCTGGTGCAGTCTGGAGCTGAGGTGAAGAAGCCTGGGGCCTCAGTGAAGGTCTCCTGCAAGGCTTCTGGTTACACCTTTACCAGCTACGGTATCAGCTGGGTGCGACAGGCCCCTGGACAAGGGCTTGAGTGGATGGGATGGATCAGCGCTTACAATGGTAACACAAACTATGCACAGAAGCTCCAGGGCAGAGTCACCATGACCACAGACACATCCACGAGCACAGCCTACATGGAGCTGAGGAGCCTGAGATCTGACGACACGGCCGTGTATTACTGTGCGAGAGATTTGGGGGAGTTATCGTTATACCTGAGCTACTTTGACTACTGGGGCCAGGGAACCCTGGTCACCGTCTCCTCAG,1020286422957270661,0,TGAG,,0,IGHV1-18*04,NNNCAGGTTCAGCTGGTGCAGTCTGGAGCTGAGGTGAAGAAGCCTGGGGCCTCAGTGAACCTCTCCTGCAAGGCTTCTGGTTACACCTTTACCAGCTACGGTATCAGCTGGGTGCGACAAGCCCCTGGACCAGGGATTGAATGGATGGGATGGATCAGCGCTTACAATGGTAACACAAACTATGCACAGAAGCTCCAGGGCCGAGTCACCATGACCACAGACACATCTACGACTACAGCCTACATGGACCTGAGGAGCCTGAGATCTGACGACACGGCCTTGTATTACTGTGCGAGAGATTTGGGGGAGTTATCGTTATACCTGAGCTACCTTGACTGCTGGGGCCAGGGAACCCTGGTCACCGTCTCCTCAG,1,,0,0,IGHD3-16*02,IGHJ4*02,NNN
-377.906,0,14,,CAGGTGCAGCTGCAGGAGTCGGGCCCAGGACTGGTGAAGCCTTCGGAGACCCTGTCCCTCACCTGCACTGTCTCTGGTGGCTCCGTCAGCAGTGGTGGTTACTACTGGAGCTGGATCCGGCAGCCCCCAGGGAAGGGACTGGAGTGGATTGGGTATATCTATTACAGTGGGAGCACCAACTACAACCCCTCCCTCAAGAGTCGAGTCACCATATCAGTAGACACGTCCAAGAACCAGTTCTCCCTGAAGCTGAGCTCTGTGACCGCTGCGGACACGGCCGTGTATTACTGTGCGAGAGCGGGGAGTTATTATAACTACTACGGTATGGACGTCTGGGGCCAAGGGACCACGGTCACCGTCTCCTCANNNNNNN,3109927849561014077,1,TA,,0,IGHV4-61*08,CAGATGTACCTCTAGGAGTCGCGCCCAAACGTACCCAAGCTTTTGGCGACCTAGTCCTTCATCTCTATTGTCTCTGCTGGCTCCGTCCGCGGCGGCGCTTACTACTAGAGCTGAATCCGGTACCCCCCGGGGAAGGGAGTTTAGTTAATTCGTTGAATCTTATACACTGGGTGCTCCAGCTACGACCTCTCCCTCGTGAGTCCTGTCATCATATCGGTGGACACCTTCCAAAATTGCCTCTTCTCAAACCTGAAGGCCGTGATTACTCCGGACACGGTCTTATATTTCTGTACGAGGGAGGTGATCGGGGGGAGCTAGTTCGGTCTGGGCGGCTGGGGCCACGGGACAACGGTGACCGTGTACTTANNNNNNN,13,NNNNNNN,0,0,IGHD3-10*01,IGHJ6*02,
-114.172,0,14,,NNNCAGGTTCAGCTGGTGCAGTCTGGAGCTGAGGTGAAGAAGCCTGGGGCCTCAGTGAAGGTCTCCTGCAAGGCTTCTGGTTACACCTTTACCAGCTACGGTATCAGCTGGGTGCGACAGGCCCCTGGACAAGGGCTTGAGTGGATGGGATGGATCAGCGCTTACAATGGTAACACAAACTATGCACAGAAGCTCCAGGGCAGAGTCACCATGACCACAGACACATCCACGAGCACAGCCTACATGGAGCTGAGGAGCCTGAGATCTGACGACACGGCCGTGTATTACTGTGCGAGAGATTTGGGGGAGTTATCGTTATACCTGAGCTACTTTGACTACTGGGGCCAGGGAACCCTGGTCACCGTCTCCTCAG,-3145785061214264948,0,TGAG,,0,IGHV1-18*04,NNNCAGGTTCGGCTGGTGCAGTCTGGAGCTGAGATGAAGAACCCTGGGGCCTCAGTGAAGCTCTCCTGCAAGGCTTCTGGTTACACCTTTACCAACTACGGTATCAGATGGGTGCGACATGCCCCTGGACAAGGACTTGAGTGGATGGGATGGATCAGCGCTTACAATGGTAACACAAACTATACACGGAAGCTCCAGGGCAGAGTCGCTATGACCACAGACACATCCACGAGGACAGCCTACATGGAGCTGAGGAGCCTGAGATCTGACGACACGGCCGTGTATTACTGTGCGAGAGATTTAGGGGAGTTATCGTTTTACCTGAGCTACCTAGACTACTGGGGCCAGGGAACCCTGGTCACCGTCTCCTCAG,1,,0,0,IGHD3-16*02,IGHJ4*02,NNN
