unique_ids,score,errors
3355042396901542707:7444524822371369567,-470.104,
-5287287470134879783:7444524822371369567,32.3554,
