unique_ids,v_gene,d_gene,j_gene,fv_insertion,vd_insertion,dj_insertion,jf_insertion,v_5p_del,v_3p_del,d_5p_del,d_3p_del,j_5p_del,j_3p_del,score,seqs,errors
3355042396901542707,IGHV3-NL1*01,IGHD6-19*01,IGHJ4*02,,GACA,CCGCGCTACTCCTTTGACTACTGGGGCCTGGGAACAGTGGTC,,0,0,0,0,47,0,-212.607,CAGGTGCAGCTGGTGGAGTCCGGGGGAGCCGTGGTCCAGGTTGGGGGGTGCTTGAGACTCTCCTGTGCAGCGTCTGGATCCACTTGCAGTAGTTATGGCATGCACTGGGTCCGTCAGGCTCCAGGCAAGGGGCTGGAGTGGGTCTCAGTTATTTATAGCGGTCGTAGTAGCGCATACTATGCAGAGTCCGTGAGGGGCCGATTCATCGTCTCCGGAGACAATTCCAACAACACGTTGTATCTGCAAATGAACAGCCTGAGAATAGAGGACACGGCTGTTTATTACTGTGCGAAGGAGACAGGGTATAGCAGTGGCTGGTACCCGCGCTACTCCTTTGACTACTGGGGCCTGGGAACAGTGGTCA,
3355042396901542707,IGHV3-NL1*01,IGHD6-19*01,IGHJ4*02,,AGACA,CCGCGCTACTCCTTTGACTACTGGGGCCTGGGAACAGTGGTC,,0,1,0,0,47,0,-216.185,CAGGTGCAGCTGGTGGAGTCCGGGGGAGCCGTGGTCCAGGTTGGGGGGTGCTTGAGACTCTCCTGTGCAGCGTCTGGATCCACTTGCAGTAGTTATGGCATGCACTGGGTCCGTCAGGCTCCAGGCAAGGGGCTGGAGTGGGTCTCAGTTATTTATAGCGGTCGTAGTAGCGCATACTATGCAGAGTCCGTGAGGGGCCGATTCATCGTCTCCGGAGACAATTCCAACAACACGTTGTATCTGCAAATGAACAGCCTGAGAATAGAGGACACGGCTGTTTATTACTGTGCGAAGGAGACAGGGTATAGCAGTGGCTGGTACCCGCGCTACTCCTTTGACTACTGGGGCCTGGGAACAGTGGTCA,
3355042396901542707,IGHV3-NL1*01,IGHD6-19*01,IGHJ4*02,,GACA,CCCGCGCTACTCCTTTGACTACTGGGGCCTGGGAACAGTGGTC,,0,0,0,1,47,0,-216.678,CAGGTGCAGCTGGTGGAGTCCGGGGGAGCCGTGGTCCAGGTTGGGGGGTGCTTGAGACTCTCCTGTGCAGCGTCTGGATCCACTTGCAGTAGTTATGGCATGCACTGGGTCCGTCAGGCTCCAGGCAAGGGGCTGGAGTGGGTCTCAGTTATTTATAGCGGTCGTAGTAGCGCATACTATGCAGAGTCCGTGAGGGGCCGATTCATCGTCTCCGGAGACAATTCCAACAACACGTTGTATCTGCAAATGAACAGCCTGAGAATAGAGGACACGGCTGTTTATTACTGTGCGAAGGAGACAGGGTATAGCAGTGGCTGGTACCCGCGCTACTCCTTTGACTACTGGGGCCTGGGAACAGTGGTCA,
-5287287470134879783,IGHV4/OR15-8*03,IGHD6-6*01,IGHJ4*02,,GTCGTTAAC,T,,0,1,4,1,2,0,-152.75,CAGGTGCAGCTGCACGAATCAGGCCGAGCACTGGCGAAGCCTTCGGCGACCCTGTCGCTCCCCTGCGTTGTCTCTGGTGGCCCCATCAGCAGTAGTAACCGGTGGAGCTGGGTCCGCCAGCCCCCAGGGAAGGGGCTGGAGTGGATTGGGGAAATCTATCATAGTGGGAGCCCCAACTACAACCCATCCCTCAAGAGTCGAGTCACCATATCAATAGACAAGTCCAAGAAGCAGTTGTCCCTGAGGATGACCACTGTGACCGCCGTGGACACGGCCATGTATTATTGTGTGAGAGGTCGTTAACATAGCACCTCGTCTTGCTTTGACTGCTGGGGCCAGGGAATCCAGGTCACCGTCTCCTCAG,
-5287287470134879783,IGHV4/OR15-8*03,IGHD6-6*01,IGHJ4*02,,GGTCGTTAAC,T,,0,2,4,1,2,0,-155.368,CAGGTGCAGCTGCACGAATCAGGCCGAGCACTGGCGAAGCCTTCGGCGACCCTGTCGCTCCCCTGCGTTGTCTCTGGTGGCCCCATCAGCAGTAGTAACCGGTGGAGCTGGGTCCGCCAGCCCCCAGGGAAGGGGCTGGAGTGGATTGGGGAAATCTATCATAGTGGGAGCCCCAACTACAACCCATCCCTCAAGAGTCGAGTCACCATATCAATAGACAAGTCCAAGAAGCAGTTGTCCCTGAGGATGACCACTGTGACCGCCGTGGACACGGCCATGTATTATTGTGTGAGAGGTCGTTAACATAGCACCTCGTCTTGCTTTGACTGCTGGGGCCAGGGAATCCAGGTCACCGTCTCCTCAG,
-5287287470134879783,IGHV4/OR15-8*03,IGHD6-6*01,IGHJ4*02,,GTCGTTAAC,,,0,1,4,0,2,0,-156.12,CAGGTGCAGCTGCACGAATCAGGCCGAGCACTGGCGAAGCCTTCGGCGACCCTGTCGCTCCCCTGCGTTGTCTCTGGTGGCCCCATCAGCAGTAGTAACCGGTGGAGCTGGGTCCGCCAGCCCCCAGGGAAGGGGCTGGAGTGGATTGGGGAAATCTATCATAGTGGGAGCCCCAACTACAACCCATCCCTCAAGAGTCGAGTCACCATATCAATAGACAAGTCCAAGAAGCAGTTGTCCCTGAGGATGACCACTGTGACCGCCGTGGACACGGCCATGTATTATTGTGTGAGAGGTCGTTAACATAGCACCTCGTCTTGCTTTGACTGCTGGGGCCAGGGAATCCAGGTCACCGTCTCCTCAG,
