          [1m[91mv[0m[0m [95m1[0m-[95m18[0m [93m04[0m                     1152           0 296   CAGGTTCAGCTGGTGCAGTCTGGAGCTGAGGTGAAGAAGCCTGGGGCCTCAGTGAAGGTCTCCTGCAAGGCTTCTGGTTACACCTTTACCAGCTACGGTATCAGCTGGGTGCGACAGGCCCCTGGACAAGGGCTTGAGTGGATGGGATGGATCAGCGCTTACAATGGTAACACAAACTATGCACAGAAGCTCCAGGGCAGAGTCACCATGACCACAGACACATCCACGAGCACAGCCTACATGGAGCTGAGGAGCCTGAGATCTGACGACACGGCCGTGTATTACTGTGCGAGAGA
                                                       0 296   CAGGTTCAGCTGGT[91mC[0mCAGT[91mG[0m[91mA[0mGGA[91mA[0mC[91mA[0mGAGGTGAAGAAGCCTGGGGCCTCA[91mA[0mTGAAGGTCTC[91mT[0m[91mA[0mGCAAG[91mC[0mCTTCTGGTTACA[91mT[0mCTTTACCAGCTACGGTATC[91mG[0mGCT[91mC[0mGGTGCGACAG[91mA[0mC[91mT[0mCCTG[91mC[0mACAAG[91mA[0mGCTTGAGTG[91mT[0mATG[91mA[0mGATGGATCAGCGCTTAC[91mC[0mATG[91mC[0mTAACACAAACTATGCA[91mG[0mAG[91mC[0mAG[91mA[0mT[91mT[0mCAGGGCAGAGTCACC[91mG[0mTGACCACAGAC[91mG[0mCATC[91mT[0mACGA[91mC[0mCACA[91mA[0mCCTAC[91mG[0mTGGA[91mA[0m[91mT[0mTG[91mG[0m[91mA[0mGA[91mC[0m[91mG[0mCTGAGATCTGACGACACGG[91mT[0mC[91mC[0mT[91mC[0mTATTACTGT[91mC[0mC[91mA[0mAGAGA (cyst -1)
          [1m[91mv[0m[0m [95m1[0m-[95m18[0m [93m01[0m                     1144           0 296   CAGGTTCAGCTGGTGCAGTCTGGAGCTGAGGTGAAGAAGCCTGGGGCCTCAGTGAAGGTCTCCTGCAAGGCTTCTGGTTACACCTTTACCAGCTATGGTATCAGCTGGGTGCGACAGGCCCCTGGACAAGGGCTTGAGTGGATGGGATGGATCAGCGCTTACAATGGTAACACAAACTATGCACAGAAGCTCCAGGGCAGAGTCACCATGACCACAGACACATCCACGAGCACAGCCTACATGGAGCTGAGGAGCCTGAGATCTGACGACACGGCCGTGTATTACTGTGCGAGAGA
                                                       0 296   CAGGTTCAGCTGGT[91mC[0mCAGT[91mG[0m[91mA[0mGGA[91mA[0mC[91mA[0mGAGGTGAAGAAGCCTGGGGCCTCA[91mA[0mTGAAGGTCTC[91mT[0m[91mA[0mGCAAG[91mC[0mCTTCTGGTTACA[91mT[0mCTTTACCAGCTA[91mC[0mGGTATC[91mG[0mGCT[91mC[0mGGTGCGACAG[91mA[0mC[91mT[0mCCTG[91mC[0mACAAG[91mA[0mGCTTGAGTG[91mT[0mATG[91mA[0mGATGGATCAGCGCTTAC[91mC[0mATG[91mC[0mTAACACAAACTATGCA[91mG[0mAG[91mC[0mAG[91mA[0mT[91mT[0mCAGGGCAGAGTCACC[91mG[0mTGACCACAGAC[91mG[0mCATC[91mT[0mACGA[91mC[0mCACA[91mA[0mCCTAC[91mG[0mTGGA[91mA[0m[91mT[0mTG[91mG[0m[91mA[0mGA[91mC[0m[91mG[0mCTGAGATCTGACGACACGG[91mT[0mC[91mC[0mT[91mC[0mTATTACTGT[91mC[0mC[91mA[0mAGAGA (cyst -1)
          [1m[91mv[0m[0m [95m1[0m-[95m18[0m [93m03[0m                     1136           0 296   CAGGTTCAGCTGGTGCAGTCTGGAGCTGAGGTGAAGAAGCCTGGGGCCTCAGTGAAGGTCTCCTGCAAGGCTTCTGGTTACACCTTTACCAGCTATGGTATCAGCTGGGTGCGACAGGCCCCTGGACAAGGGCTTGAGTGGATGGGATGGATCAGCGCTTACAATGGTAACACAAACTATGCACAGAAGCTCCAGGGCAGAGTCACCATGACCACAGACACATCCACGAGCACAGCCTACATGGAGCTGAGGAGCCTGAGATCTGACGACATGGCCGTGTATTACTGTGCGAGAGA
                                                       0 296   CAGGTTCAGCTGGT[91mC[0mCAGT[91mG[0m[91mA[0mGGA[91mA[0mC[91mA[0mGAGGTGAAGAAGCCTGGGGCCTCA[91mA[0mTGAAGGTCTC[91mT[0m[91mA[0mGCAAG[91mC[0mCTTCTGGTTACA[91mT[0mCTTTACCAGCTA[91mC[0mGGTATC[91mG[0mGCT[91mC[0mGGTGCGACAG[91mA[0mC[91mT[0mCCTG[91mC[0mACAAG[91mA[0mGCTTGAGTG[91mT[0mATG[91mA[0mGATGGATCAGCGCTTAC[91mC[0mATG[91mC[0mTAACACAAACTATGCA[91mG[0mAG[91mC[0mAG[91mA[0mT[91mT[0mCAGGGCAGAGTCACC[91mG[0mTGACCACAGAC[91mG[0mCATC[91mT[0mACGA[91mC[0mCACA[91mA[0mCCTAC[91mG[0mTGGA[91mA[0m[91mT[0mTG[91mG[0m[91mA[0mGA[91mC[0m[91mG[0mCTGAGATCTGACGACA[91mC[0mGG[91mT[0mC[91mC[0mT[91mC[0mTATTACTGT[91mC[0mC[91mA[0mAGAGA (cyst -1)
          [1m[91md[0m[0m [95m3[0m-[95m10[0m [93m01[0m                       77           2  27   ATTACTATGGTTCGGGGAGTTATTA
                                                     298 323   ATTAC[91mC[0m[91mG[0mTGGTTCG[91mA[0mGGA[91mT[0m[91mA[0mTAT[91mA[0mA 
          [1m[91md[0m[0m [95m2[0m-[95m8[0m [93m01[0m                        49           0  21   AGGATATTGTACTAATGGTGT
                                                     312 333   AGGATAT[91mA[0m[91mT[0m[91mA[0mA[91mA[0m[91mC[0mAATG[91mA[0m[91mA[0mGT 
          [1m[91md[0m[0m [95m3[0m-[95m10[0m [93m02[0m                       48          10  26   GTTCGGGGAGTTATTA
                                                     307 323   GTTCG[91mA[0mGGA[91mT[0m[91mA[0mTAT[91mA[0mA 
          [1m[91md[0m[0m [95m3[0m-[95m3[0m [93m02[0m                        45           2  27   ATTAGCATTTTTGGAGTGGTTATTA
                                                     298 323   ATTA[91mC[0mC[91mG[0mT[91mG[0m[91mG[0mTT[91mC[0mGAG[91mG[0m[91mA[0m[91mT[0m[91mA[0mTAT[91mA[0mA 
          [1m[91md[0m[0m [95m3[0m-[95m3[0m [93m01[0m                        45           2  27   ATTACGATTTTTGGAGTGGTTATTA
                                                     298 323   ATTAC[91mC[0m[91mG[0mT[91mG[0m[91mG[0mTT[91mC[0mGAG[91mG[0m[91mA[0m[91mT[0m[91mA[0mTAT[91mA[0mA 
          [1m[91mj[0m[0m [95m4[0m [93m02[0m                         149           7  48   TGACTACTGGGGCCAGGGAACCCTGGTCACCGTCTCCTCAG
                                                     332 373   TGACTACTGGGGCCAGGGA[91mC[0m[91mT[0m[91mG[0m[91mT[0m[91mC[0mG[91mC[0m[91mA[0mCACCGTCTCCTCAG (tryp -1)
          [1m[91mj[0m[0m [95m4[0m [93m01[0m                         141           7  48   TGACTACTGGGGCCAAGGAACCCTGGTCACCGTCTCCTCAG
                                                     332 373   TGACTACTGGGGCCA[91mG[0mGGA[91mC[0m[91mT[0m[91mG[0m[91mT[0m[91mC[0mG[91mC[0m[91mA[0mCACCGTCTCCTCAG (tryp -1)
          [1m[91mv[0m[0m [95m1[0m-[95m18[0m [93m04[0m                     1192           0 296   CAGGTTCAGCTGGTGCAGTCTGGAGCTGAGGTGAAGAAGCCTGGGGCCTCAGTGAAGGTCTCCTGCAAGGCTTCTGGTTACACCTTTACCAGCTACGGTATCAGCTGGGTGCGACAGGCCCCTGGACAAGGGCTTGAGTGGATGGGATGGATCAGCGCTTACAATGGTAACACAAACTATGCACAGAAGCTCCAGGGCAGAGTCACCATGACCACAGACACATCCACGAGCACAGCCTACATGGAGCTGAGGAGCCTGAGATCTGACGACACGGCCGTGTATTACTGTGCGAGAGA
                                                       0 296   CAGGTTCAGCTGGT[91mC[0mCAGT[91mG[0m[91mA[0mGGA[91mT[0mCTGAGGTGAAGAAGCCTGGGG[91mT[0mCTCAG[91mC[0mGAAGGTCTC[91mT[0m[91mA[0mGCAAG[91mC[0mCTTCTGGTTACACCTTTACCAGCTACGGTAT[91mT[0m[91mG[0mGCT[91mC[0mGGTGCGACAGGC[91mT[0mCCTG[91mC[0mACAAGGGCTTGAGTGG[91mG[0mTG[91mA[0mGATGGATCAGCGCTTACAATGGTAACACAAACTA[91mA[0mG[91mG[0mACAGAA[91mA[0m[91mG[0mTCCAGGGCA[91mC[0mA[91mC[0mTCACCATGACC[91mG[0m[91mA[0mAGAC[91mG[0mCATCC[91mT[0mCGA[91mC[0m[91mT[0mACA[91mA[0mCCTA[91mG[0mATGGAGCTG[91mG[0mGGAG[91mG[0mCTGAG[91mC[0mTCTGACGACACGGCCGT[91mT[0mTATTACTGT[91mC[0mCGAGA[91mC[0mA (cyst -1)
          [1m[91mv[0m[0m [95m1[0m-[95m18[0m [93m01[0m                     1184           0 296   CAGGTTCAGCTGGTGCAGTCTGGAGCTGAGGTGAAGAAGCCTGGGGCCTCAGTGAAGGTCTCCTGCAAGGCTTCTGGTTACACCTTTACCAGCTATGGTATCAGCTGGGTGCGACAGGCCCCTGGACAAGGGCTTGAGTGGATGGGATGGATCAGCGCTTACAATGGTAACACAAACTATGCACAGAAGCTCCAGGGCAGAGTCACCATGACCACAGACACATCCACGAGCACAGCCTACATGGAGCTGAGGAGCCTGAGATCTGACGACACGGCCGTGTATTACTGTGCGAGAGA
                                                       0 296   CAGGTTCAGCTGGT[91mC[0mCAGT[91mG[0m[91mA[0mGGA[91mT[0mCTGAGGTGAAGAAGCCTGGGG[91mT[0mCTCAG[91mC[0mGAAGGTCTC[91mT[0m[91mA[0mGCAAG[91mC[0mCTTCTGGTTACACCTTTACCAGCTA[91mC[0mGGTAT[91mT[0m[91mG[0mGCT[91mC[0mGGTGCGACAGGC[91mT[0mCCTG[91mC[0mACAAGGGCTTGAGTGG[91mG[0mTG[91mA[0mGATGGATCAGCGCTTACAATGGTAACACAAACTA[91mA[0mG[91mG[0mACAGAA[91mA[0m[91mG[0mTCCAGGGCA[91mC[0mA[91mC[0mTCACCATGACC[91mG[0m[91mA[0mAGAC[91mG[0mCATCC[91mT[0mCGA[91mC[0m[91mT[0mACA[91mA[0mCCTA[91mG[0mATGGAGCTG[91mG[0mGGAG[91mG[0mCTGAG[91mC[0mTCTGACGACACGGCCGT[91mT[0mTATTACTGT[91mC[0mCGAGA[91mC[0mA (cyst -1)
          [1m[91mv[0m[0m [95m1[0m-[95m18[0m [93m03[0m                     1176           0 296   CAGGTTCAGCTGGTGCAGTCTGGAGCTGAGGTGAAGAAGCCTGGGGCCTCAGTGAAGGTCTCCTGCAAGGCTTCTGGTTACACCTTTACCAGCTATGGTATCAGCTGGGTGCGACAGGCCCCTGGACAAGGGCTTGAGTGGATGGGATGGATCAGCGCTTACAATGGTAACACAAACTATGCACAGAAGCTCCAGGGCAGAGTCACCATGACCACAGACACATCCACGAGCACAGCCTACATGGAGCTGAGGAGCCTGAGATCTGACGACATGGCCGTGTATTACTGTGCGAGAGA
                                                       0 296   CAGGTTCAGCTGGT[91mC[0mCAGT[91mG[0m[91mA[0mGGA[91mT[0mCTGAGGTGAAGAAGCCTGGGG[91mT[0mCTCAG[91mC[0mGAAGGTCTC[91mT[0m[91mA[0mGCAAG[91mC[0mCTTCTGGTTACACCTTTACCAGCTA[91mC[0mGGTAT[91mT[0m[91mG[0mGCT[91mC[0mGGTGCGACAGGC[91mT[0mCCTG[91mC[0mACAAGGGCTTGAGTGG[91mG[0mTG[91mA[0mGATGGATCAGCGCTTACAATGGTAACACAAACTA[91mA[0mG[91mG[0mACAGAA[91mA[0m[91mG[0mTCCAGGGCA[91mC[0mA[91mC[0mTCACCATGACC[91mG[0m[91mA[0mAGAC[91mG[0mCATCC[91mT[0mCGA[91mC[0m[91mT[0mACA[91mA[0mCCTA[91mG[0mATGGAGCTG[91mG[0mGGAG[91mG[0mCTGAG[91mC[0mTCTGACGACA[91mC[0mGGCCGT[91mT[0mTATTACTGT[91mC[0mCGAGA[91mC[0mA (cyst -1)
          [1m[91md[0m[0m [95m3[0m-[95m10[0m [93m01[0m                      100           2  30   ATTACTATGGTTCGGGGAGTTATTATAA
                                                     298 326   ATTACTATG[91mT[0mTTCG[91mA[0mGGA[91mT[0m[91mA[0mTATTAT[91mC[0mA 
          [1m[91md[0m[0m [95m3[0m-[95m3[0m [93m01[0m                        74           2  28   ATTACGATTTTTGGAGTGGTTATTAT
                                                     298 324   ATTAC[91mT[0mAT[91mG[0mTTT[91mC[0mGAG[91mG[0m[91mA[0m[91mT[0m[91mA[0mTATTAT 
          [1m[91md[0m[0m [95m3[0m-[95m9[0m [93m01[0m                        68           2  30   ATTACGATATTTTGACTGGTTATTATAA
                                                     298 326   ATTAC[91mT[0mAT[91mG[0mTTT[91mC[0mGA[91mG[0m[91mG[0m[91mA[0m[91mT[0m[91mA[0mTATTAT[91mC[0mA 
          [1m[91md[0m[0m [95m3[0m-[95m3[0m [93m02[0m                        66           2  28   ATTAGCATTTTTGGAGTGGTTATTAT
                                                     298 324   ATTA[91mC[0m[91mT[0mAT[91mG[0mTTT[91mC[0mGAG[91mG[0m[91mA[0m[91mT[0m[91mA[0mTATTAT 
          [1m[91md[0m[0m [95m3[0m-[95m22[0m [93m01[0m                       61           2  27   ATTACTATGATAGTAGTGGTTATTA
                                                     298 323   ATTACTATG[91mT[0mT[91mT[0m[91mC[0m[91mG[0mAG[91mG[0m[91mA[0m[91mT[0m[91mA[0mTATTA 
          [1m[91mj[0m[0m [95m4[0m [93m02[0m                         173           7  48   TGACTACTGGGGCCAGGGAACCCTGGTCACCGTCTCCTCAG
                                                     332 373   TGACTACTGGGGCCAGGGA[91mC[0m[91mT[0m[91mG[0mCTGGTCACCGTCTCC[91mA[0mCAG (tryp -1)
          [1m[91mj[0m[0m [95m4[0m [93m01[0m                         165           7  48   TGACTACTGGGGCCAAGGAACCCTGGTCACCGTCTCCTCAG
                                                     332 373   TGACTACTGGGGCCA[91mG[0mGGA[91mC[0m[91mT[0m[91mG[0mCTGGTCACCGTCTCC[91mA[0mCAG (tryp -1)
          [1m[91mv[0m[0m [95m1[0m-[95m18[0m [93m04[0m                     1168           0 296   CAGGTTCAGCTGGTGCAGTCTGGAGCTGAGGTGAAGAAGCCTGGGGCCTCAGTGAAGGTCTCCTGCAAGGCTTCTGGTTACACCTTTACCAGCTACGGTATCAGCTGGGTGCGACAGGCCCCTGGACAAGGGCTTGAGTGGATGGGATGGATCAGCGCTTACAATGGTAACACAAACTATGCACAGAAGCTCCAGGGCAGAGTCACCATGACCACAGACACATCCACGAGCACAGCCTACATGGAGCTGAGGAGCCTGAGATCTGACGACACGGCCGTGTATTACTGTGCGAGAGA
                                                       0 296   CAGGTTCAGCTGGT[91mC[0mCAGT[91mG[0m[91mA[0mGGA[91mC[0mCTGA[91mA[0mGT[91mA[0mAAGAAGCCTGGGGCCTCAG[91mC[0mGAA[91mC[0mGTCTC[91mT[0m[91mA[0mGCAAG[91mC[0mCTTCTGGTTACACCTTTACCAGCTACGGTAT[91mT[0m[91mG[0mGCT[91mC[0mGGTG[91mT[0mGACAGGC[91mT[0mCCTG[91mC[0mACAAGGGCTTGAGTGGATG[91mA[0mGATGGATCAGCGCTTACAATGGTAACACAAACTA[91mA[0mGCACAGAAG[91mA[0mT[91mA[0mC[91mC[0mGGGCAGA[91mA[0mTCA[91mT[0mCATGAC[91mA[0mACA[91mC[0mAC[91mG[0mCATC[91mT[0m[91mT[0mCGA[91mC[0mCACA[91mA[0mCCTACA[91mC[0mGGAG[91mT[0mTG[91mG[0mGG[91mT[0m[91mA[0m[91mG[0mCTGAGATCTGACGACACGGCCGT[91mT[0mTATTACTGT[91mC[0mCGAGAGA (cyst -1)
          [1m[91mv[0m[0m [95m1[0m-[95m18[0m [93m01[0m                     1160           0 296   CAGGTTCAGCTGGTGCAGTCTGGAGCTGAGGTGAAGAAGCCTGGGGCCTCAGTGAAGGTCTCCTGCAAGGCTTCTGGTTACACCTTTACCAGCTATGGTATCAGCTGGGTGCGACAGGCCCCTGGACAAGGGCTTGAGTGGATGGGATGGATCAGCGCTTACAATGGTAACACAAACTATGCACAGAAGCTCCAGGGCAGAGTCACCATGACCACAGACACATCCACGAGCACAGCCTACATGGAGCTGAGGAGCCTGAGATCTGACGACACGGCCGTGTATTACTGTGCGAGAGA
                                                       0 296   CAGGTTCAGCTGGT[91mC[0mCAGT[91mG[0m[91mA[0mGGA[91mC[0mCTGA[91mA[0mGT[91mA[0mAAGAAGCCTGGGGCCTCAG[91mC[0mGAA[91mC[0mGTCTC[91mT[0m[91mA[0mGCAAG[91mC[0mCTTCTGGTTACACCTTTACCAGCTA[91mC[0mGGTAT[91mT[0m[91mG[0mGCT[91mC[0mGGTG[91mT[0mGACAGGC[91mT[0mCCTG[91mC[0mACAAGGGCTTGAGTGGATG[91mA[0mGATGGATCAGCGCTTACAATGGTAACACAAACTA[91mA[0mGCACAGAAG[91mA[0mT[91mA[0mC[91mC[0mGGGCAGA[91mA[0mTCA[91mT[0mCATGAC[91mA[0mACA[91mC[0mAC[91mG[0mCATC[91mT[0m[91mT[0mCGA[91mC[0mCACA[91mA[0mCCTACA[91mC[0mGGAG[91mT[0mTG[91mG[0mGG[91mT[0m[91mA[0m[91mG[0mCTGAGATCTGACGACACGGCCGT[91mT[0mTATTACTGT[91mC[0mCGAGAGA (cyst -1)
          [1m[91mv[0m[0m [95m1[0m-[95m18[0m [93m03[0m                     1152           0 296   CAGGTTCAGCTGGTGCAGTCTGGAGCTGAGGTGAAGAAGCCTGGGGCCTCAGTGAAGGTCTCCTGCAAGGCTTCTGGTTACACCTTTACCAGCTATGGTATCAGCTGGGTGCGACAGGCCCCTGGACAAGGGCTTGAGTGGATGGGATGGATCAGCGCTTACAATGGTAACACAAACTATGCACAGAAGCTCCAGGGCAGAGTCACCATGACCACAGACACATCCACGAGCACAGCCTACATGGAGCTGAGGAGCCTGAGATCTGACGACATGGCCGTGTATTACTGTGCGAGAGA
                                                       0 296   CAGGTTCAGCTGGT[91mC[0mCAGT[91mG[0m[91mA[0mGGA[91mC[0mCTGA[91mA[0mGT[91mA[0mAAGAAGCCTGGGGCCTCAG[91mC[0mGAA[91mC[0mGTCTC[91mT[0m[91mA[0mGCAAG[91mC[0mCTTCTGGTTACACCTTTACCAGCTA[91mC[0mGGTAT[91mT[0m[91mG[0mGCT[91mC[0mGGTG[91mT[0mGACAGGC[91mT[0mCCTG[91mC[0mACAAGGGCTTGAGTGGATG[91mA[0mGATGGATCAGCGCTTACAATGGTAACACAAACTA[91mA[0mGCACAGAAG[91mA[0mT[91mA[0mC[91mC[0mGGGCAGA[91mA[0mTCA[91mT[0mCATGAC[91mA[0mACA[91mC[0mAC[91mG[0mCATC[91mT[0m[91mT[0mCGA[91mC[0mCACA[91mA[0mCCTACA[91mC[0mGGAG[91mT[0mTG[91mG[0mGG[91mT[0m[91mA[0m[91mG[0mCTGAGATCTGACGACA[91mC[0mGGCCGT[91mT[0mTATTACTGT[91mC[0mCGAGAGA (cyst -1)
          [1m[91md[0m[0m [95m3[0m-[95m10[0m [93m01[0m                       92           2  30   ATTACTATGGTTCGGGGAGTTATTATAA
                                                     298 326   ATTACTATGGTTCG[91mA[0mGGA[91mT[0m[91mA[0mTAT[91mC[0m[91mC[0mT[91mC[0mA 
          [1m[91md[0m[0m [95m3[0m-[95m16[0m [93m02[0m                       60           5  33   ATGATTACGTTTGGGGGAGTTATCGTTA
                                                     298 326   AT[91mT[0mA[91mC[0mTA[91mT[0mG[91mG[0mTT[91mC[0mG[91mA[0mGGA[91mT[0m[91mA[0mTATC[91mC[0mT[91mC[0mA 
          [1m[91md[0m[0m [95m3[0m-[95m16[0m [93m01[0m                       60           5  33   ATGATTACGTTTGGGGGAGTTATGCTTA
                                                     298 326   AT[91mT[0mA[91mC[0mTA[91mT[0mG[91mG[0mTT[91mC[0mG[91mA[0mGGA[91mT[0m[91mA[0mTAT[91mC[0mCT[91mC[0mA 
          [1m[91md[0m[0m [95m3[0m-[95m3[0m [93m01[0m                        51           2  25   ATTACGATTTTTGGAGTGGTTAT
                                                     298 321   ATTAC[91mT[0mAT[91mG[0m[91mG[0mTT[91mC[0mGAG[91mG[0m[91mA[0m[91mT[0m[91mA[0mTAT 
          [1m[91md[0m[0m [95m3[0m-[95m22[0m [93m01[0m                       51           2  25   ATTACTATGATAGTAGTGGTTAT
                                                     298 321   ATTACTATG[91mG[0mT[91mT[0m[91mC[0m[91mG[0mAG[91mG[0m[91mA[0m[91mT[0m[91mA[0mTAT 
          [1m[91mj[0m[0m [95m4[0m [93m02[0m                         173           7  48   TGACTACTGGGGCCAGGGAACCCTGGTCACCGTCTCCTCAG
                                                     332 373   TG[91mC[0mCTACTGGGGCCAGGGA[91mC[0m[91mT[0m[91mG[0mCTGGTCACCGTCTCCTCAG (tryp -1)
          [1m[91mj[0m[0m [95m4[0m [93m01[0m                         165           7  48   TGACTACTGGGGCCAAGGAACCCTGGTCACCGTCTCCTCAG
                                                     332 373   TG[91mC[0mCTACTGGGGCCA[91mG[0mGGA[91mC[0m[91mT[0m[91mG[0mCTGGTCACCGTCTCCTCAG (tryp -1)
          [1m[91mv[0m[0m [95m3[0m-[95mnl1[0m [93m01[0m                    1074           0 290   CAGGTGCAGCTGGTGGAGTCTGGGGGAGGCGTGGTCCAGCCTGGGGGGTCCCTGAGACTCTCCTGTGCAGCGTCTGGATTCACCTTCAGTAGCTATGGCATGCACTGGGTCCGCCAGGCTCCAGGCAAGGGGCTGGAGTGGGTCTCAGTTATTTATAGCGGTGGTAGTAGCACATACTATGCAGACTCCGTGAAGGGCCGATTCACCATCTCCAGAGACAATTCCAAGAACACGCTGTATCTGCAAATGAACAGCCTGAGAGCTGAGGACACGGCTGTGTATTACTGTGC
                                                       0 290   CA[91mC[0mGT[91mC[0mCAGCTGGTGGAGTCTGGGGGAGG[91mG[0mGTGGT[91mT[0mCAGCCTGGGGGGTCCCT[91mC[0mA[91mA[0mA[91mT[0mTCTC[91mT[0m[91mC[0mGTGCAGCGTCTGGATTCACCTT[91mT[0mAGT[91mG[0mGCT[91mT[0mTG[91mT[0mCA[91mC[0mGCACTG[91mC[0m[91mA[0mTC[91mT[0mGCC[91mC[0mGG[91mT[0mTCCAGGCAAG[91mA[0mG[91mC[0mCTGGA[91mA[0mTGG[91mC[0mTC[91mC[0m[91mT[0mAGTTATTTATAGCGG[91mC[0mGGT[91mC[0mGTAGCACAT[91mG[0mCTATGCAGACT[91mT[0mC[91mA[0mTGAAGGG[91mG[0mCGATTCA[91mG[0m[91mG[0mATCTCCAGAGACAAT[91mG[0mCCAA[91mA[0mAACAC[91mC[0mCTGTAT[91mT[0mT[91mC[0mC[91mG[0mAATGAACAGCCTGAGA[91mA[0mCTGA[91mA[0mGAC[91mG[0m[91mT[0m[91mA[0mGCT[91mA[0mT[91mT[0mTATTA[91mT[0mTGTGC (cyst -1)
          [1m[91md[0m[0m [95m1[0m-[95m26[0m [93m01[0m                       49           6  19   GTGGGAGCTACTA
                                                     295 308   GTGGGA[91mA[0mCTAC[91mC[0mA 
          [1m[91md[0m[0m [95m1[0m-[95m7[0m [93m01[0m                        40           9  17   GGAACTAC
                                                     298 306   GGAACTAC 
          [1m[91md[0m[0m [95m4/or15[0m-[95m4b[0m [93m01[0m                  39           8  19   GTGCTAACTAC
                                                     295 306   GTG[91mG[0m[91mG[0mAACTAC 
          [1m[91md[0m[0m [95m4/or15[0m-[95m4a[0m [93m01[0m                  39           8  19   GTGCTAACTAC
                                                     295 306   GTG[91mG[0m[91mG[0mAACTAC 
          [1m[91md[0m[0m [95m4[0m-[95m23[0m [93m01[0m                       39           8  19   GTGGTAACTCC
                                                     295 306   GTGG[91mG[0mAACT[91mA[0mC 
          [1m[91mj[0m[0m [95m4[0m [93m02[0m                         176           0  48   ACTACTTTGACTACTGGGGCCAGGGAACCCTGGTCACCGTCTCCTCAG
                                                     307 355   AC[91mC[0m[91mC[0mC[91mC[0m[91mA[0mTGACTA[91mT[0mTGGGGCCAGGGAA[91mG[0m[91mG[0m[91mT[0mTGGTCACCGTCTCCTCAG (tryp -1)
          [1m[91mj[0m[0m [95m4[0m [93m01[0m                         168           0  48   ACTACTTTGACTACTGGGGCCAAGGAACCCTGGTCACCGTCTCCTCAG
                                                     307 355   AC[91mC[0m[91mC[0mC[91mC[0m[91mA[0mTGACTA[91mT[0mTGGGGCCA[91mG[0mGGAA[91mG[0m[91mG[0m[91mT[0mTGGTCACCGTCTCCTCAG (tryp -1)
          [1m[91mv[0m[0m [95m1[0m-[95m18[0m [93m04[0m                     1168           0 296   CAGGTTCAGCTGGTGCAGTCTGGAGCTGAGGTGAAGAAGCCTGGGGCCTCAGTGAAGGTCTCCTGCAAGGCTTCTGGTTACACCTTTACCAGCTACGGTATCAGCTGGGTGCGACAGGCCCCTGGACAAGGGCTTGAGTGGATGGGATGGATCAGCGCTTACAATGGTAACACAAACTATGCACAGAAGCTCCAGGGCAGAGTCACCATGACCACAGACACATCCACGAGCACAGCCTACATGGAGCTGAGGAGCCTGAGATCTGACGACACGGCCGTGTATTACTGTGCGAGAGA
                                                       0 296   CAGGTTCAGCTGGT[91mC[0mCAGT[91mG[0m[91mA[0mGGA[91mC[0mCTGA[91mA[0mGT[91mA[0mAAGAAGCCTGGGGCCTCAG[91mC[0mGAA[91mC[0mGTCTC[91mT[0m[91mA[0mGCAAG[91mC[0mCTTCTGGTTACACCTTTACCAGCTACGGTAT[91mT[0m[91mG[0mGCT[91mC[0mGGTG[91mT[0mGACAGGC[91mT[0mCCTG[91mC[0mACAAGGGCTTGAGTGGATG[91mA[0mGATGGATCAGCGCTTACAATGGTAACACAAACTA[91mA[0mGCACAGAAG[91mA[0m[91mC[0m[91mA[0mC[91mC[0mGGGCAGA[91mA[0mTCA[91mT[0mCATGACCACA[91mC[0mAC[91mG[0mCATC[91mT[0m[91mT[0mCGA[91mC[0mCACA[91mA[0mCCTACA[91mC[0mGGAG[91mT[0mTG[91mG[0mGG[91mT[0m[91mA[0m[91mG[0mCTGAGATCTGACGACACGGCCGT[91mT[0mTATTACTGT[91mC[0mCGAGAGA (cyst -1)
          [1m[91mv[0m[0m [95m1[0m-[95m18[0m [93m01[0m                     1160           0 296   CAGGTTCAGCTGGTGCAGTCTGGAGCTGAGGTGAAGAAGCCTGGGGCCTCAGTGAAGGTCTCCTGCAAGGCTTCTGGTTACACCTTTACCAGCTATGGTATCAGCTGGGTGCGACAGGCCCCTGGACAAGGGCTTGAGTGGATGGGATGGATCAGCGCTTACAATGGTAACACAAACTATGCACAGAAGCTCCAGGGCAGAGTCACCATGACCACAGACACATCCACGAGCACAGCCTACATGGAGCTGAGGAGCCTGAGATCTGACGACACGGCCGTGTATTACTGTGCGAGAGA
                                                       0 296   CAGGTTCAGCTGGT[91mC[0mCAGT[91mG[0m[91mA[0mGGA[91mC[0mCTGA[91mA[0mGT[91mA[0mAAGAAGCCTGGGGCCTCAG[91mC[0mGAA[91mC[0mGTCTC[91mT[0m[91mA[0mGCAAG[91mC[0mCTTCTGGTTACACCTTTACCAGCTA[91mC[0mGGTAT[91mT[0m[91mG[0mGCT[91mC[0mGGTG[91mT[0mGACAGGC[91mT[0mCCTG[91mC[0mACAAGGGCTTGAGTGGATG[91mA[0mGATGGATCAGCGCTTACAATGGTAACACAAACTA[91mA[0mGCACAGAAG[91mA[0m[91mC[0m[91mA[0mC[91mC[0mGGGCAGA[91mA[0mTCA[91mT[0mCATGACCACA[91mC[0mAC[91mG[0mCATC[91mT[0m[91mT[0mCGA[91mC[0mCACA[91mA[0mCCTACA[91mC[0mGGAG[91mT[0mTG[91mG[0mGG[91mT[0m[91mA[0m[91mG[0mCTGAGATCTGACGACACGGCCGT[91mT[0mTATTACTGT[91mC[0mCGAGAGA (cyst -1)
          [1m[91mv[0m[0m [95m1[0m-[95m18[0m [93m03[0m                     1152           0 296   CAGGTTCAGCTGGTGCAGTCTGGAGCTGAGGTGAAGAAGCCTGGGGCCTCAGTGAAGGTCTCCTGCAAGGCTTCTGGTTACACCTTTACCAGCTATGGTATCAGCTGGGTGCGACAGGCCCCTGGACAAGGGCTTGAGTGGATGGGATGGATCAGCGCTTACAATGGTAACACAAACTATGCACAGAAGCTCCAGGGCAGAGTCACCATGACCACAGACACATCCACGAGCACAGCCTACATGGAGCTGAGGAGCCTGAGATCTGACGACATGGCCGTGTATTACTGTGCGAGAGA
                                                       0 296   CAGGTTCAGCTGGT[91mC[0mCAGT[91mG[0m[91mA[0mGGA[91mC[0mCTGA[91mA[0mGT[91mA[0mAAGAAGCCTGGGGCCTCAG[91mC[0mGAA[91mC[0mGTCTC[91mT[0m[91mA[0mGCAAG[91mC[0mCTTCTGGTTACACCTTTACCAGCTA[91mC[0mGGTAT[91mT[0m[91mG[0mGCT[91mC[0mGGTG[91mT[0mGACAGGC[91mT[0mCCTG[91mC[0mACAAGGGCTTGAGTGGATG[91mA[0mGATGGATCAGCGCTTACAATGGTAACACAAACTA[91mA[0mGCACAGAAG[91mA[0m[91mC[0m[91mA[0mC[91mC[0mGGGCAGA[91mA[0mTCA[91mT[0mCATGACCACA[91mC[0mAC[91mG[0mCATC[91mT[0m[91mT[0mCGA[91mC[0mCACA[91mA[0mCCTACA[91mC[0mGGAG[91mT[0mTG[91mG[0mGG[91mT[0m[91mA[0m[91mG[0mCTGAGATCTGACGACA[91mC[0mGGCCGT[91mT[0mTATTACTGT[91mC[0mCGAGAGA (cyst -1)
          [1m[91md[0m[0m [95m3[0m-[95m10[0m [93m01[0m                      100           2  30   ATTACTATGGTTCGGGGAGTTATTATAA
                                                     298 326   ATTACTATGGTTCG[91mA[0mGGA[91mT[0m[91mA[0mTAT[91mC[0mAT[91mC[0mA 
          [1m[91md[0m[0m [95m3[0m-[95m16[0m [93m02[0m                       60           5  33   ATGATTACGTTTGGGGGAGTTATCGTTA
                                                     298 326   AT[91mT[0mA[91mC[0mTA[91mT[0mG[91mG[0mTT[91mC[0mG[91mA[0mGGA[91mT[0m[91mA[0mTATC[91mA[0mT[91mC[0mA 
          [1m[91md[0m[0m [95m3[0m-[95m3[0m [93m01[0m                        58           2  28   ATTACGATTTTTGGAGTGGTTATTAT
                                                     298 324   ATTAC[91mT[0mAT[91mG[0m[91mG[0mTT[91mC[0mGAG[91mG[0m[91mA[0m[91mT[0m[91mA[0mTAT[91mC[0mAT 
          [1m[91md[0m[0m [95m3[0m-[95m10[0m [93m02[0m                       55          10  29   GTTCGGGGAGTTATTATAA
                                                     307 326   GTTCG[91mA[0mGGA[91mT[0m[91mA[0mTAT[91mC[0mAT[91mC[0mA 
          [1m[91md[0m[0m [95m3[0m-[95m22[0m [93m01[0m                       53           2  27   ATTACTATGATAGTAGTGGTTATTA
                                                     298 323   ATTACTATG[91mG[0mT[91mT[0m[91mC[0m[91mG[0mAG[91mG[0m[91mA[0m[91mT[0m[91mA[0mTAT[91mC[0mA 
          [1m[91mj[0m[0m [95m4[0m [93m02[0m                         173           7  48   TGACTACTGGGGCCAGGGAACCCTGGTCACCGTCTCCTCAG
                                                     332 373   TG[91mC[0mCTACTGGGGCCAGGGA[91mC[0m[91mG[0m[91mG[0mCTGGTCACCGTCTCCTCAG (tryp -1)
          [1m[91mj[0m[0m [95m4[0m [93m01[0m                         165           7  48   TGACTACTGGGGCCAAGGAACCCTGGTCACCGTCTCCTCAG
                                                     332 373   TG[91mC[0mCTACTGGGGCCA[91mG[0mGGA[91mC[0m[91mG[0m[91mG[0mCTGGTCACCGTCTCCTCAG (tryp -1)
          [1m[91mv[0m[0m [95m3[0m-[95mnl1[0m [93m01[0m                    1181           1 290   AGGTGCAGCTGGTGGAGTCTGGGGGAGGCGTGGTCCAGCCTGGGGGGTCCCTGAGACTCTCCTGTGCAGCGTCTGGATTCACCTTCAGTAGCTATGGCATGCACTGGGTCCGCCAGGCTCCAGGCAAGGGGCTGGAGTGGGTCTCAGTTATTTATAGCGGTGGTAGTAGCACATACTATGCAGACTCCGTGAAGGGCCGATTCACCATCTCCAGAGACAATTCCAAGAACACGCTGTATCTGCAAATGAACAGCCTGAGAGCTGAGGACACGGCTGTGTATTACTGTGC
                                                       1 290   AGGTGCAGCTGGTGGAGTCTGGGGG[91mT[0mG[91mT[0m[91mG[0mGTG[91mA[0mT[91mT[0mCAGCCTGG[91mA[0mGGGTCCCTGA[91mA[0mACTCTC[91mT[0mTGTGCAGCGTCTGGATTCACCTTCAGTA[91mA[0m[91mT[0mTATG[91mT[0mCATGCACTG[91mC[0mGTCCGCC[91mC[0mGGCTCCAGGCAAGGGGCTGGAGTGGGT[91mT[0mTC[91mT[0m[91mC[0m[91mC[0mTATTTATAGCGGT[91mA[0mGTAGTAGCACATACTATGCAGACTCCGTGA[91mG[0mGGGCCGATTCA[91mG[0m[91mG[0m[91mT[0mTCTC[91mT[0mAGAGACAA[91mA[0mTCCAAGAA[91mT[0mAC[91mT[0mCTGT[91mG[0mT[91mT[0mT[91mT[0mCAAATGAACAGCCTGAGA[91mC[0mCTGA[91mA[0mGACAC[91mA[0mGCT[91mA[0mTGTATTACTGTGC (cyst -1)
          [1m[91md[0m[0m [95m1[0m-[95m26[0m [93m01[0m                       52           7  19   TGGGAGCTACTA
                                                     296 308   TGGGA[91mA[0mCTACTA 
          [1m[91md[0m[0m [95m2/or15[0m-[95m2b[0m [93m01[0m                  40           6  22   TTGTAATAGTACTACT
                                                     291 307   TTGT[91mT[0m[91mT[0m[91mG[0m[91mG[0mG[91mA[0mACTACT 
          [1m[91md[0m[0m [95m2/or15[0m-[95m2a[0m [93m01[0m                  40           6  22   TTGTAATAGTACTACT
                                                     291 307   TTGT[91mT[0m[91mT[0m[91mG[0m[91mG[0mG[91mA[0mACTACT 
          [1m[91md[0m[0m [95m1[0m-[95m7[0m [93m01[0m                        40           9  17   GGAACTAC
                                                     298 306   GGAACTAC 
          [1m[91md[0m[0m [95m3[0m-[95m10[0m [93m02[0m                       38           7  21   TATGTTCGGGGAGT
                                                     290 304   T[91mT[0mTGTT[91mT[0mGGG[91mA[0mA[91mC[0mT 
          [1m[91mj[0m[0m [95m4[0m [93m02[0m                         176           0  48   ACTACTTTGACTACTGGGGCCAGGGAACCCTGGTCACCGTCTCCTCAG
                                                     307 355   ACT[91mC[0mCT[91mA[0mTGAC[91mC[0mACTGGGGCCAGGGA[91mT[0m[91mG[0m[91mT[0m[91mG[0mTGG[91mA[0mCACCGTCTCCTCAG (tryp -1)
          [1m[91mj[0m[0m [95m4[0m [93m01[0m                         168           0  48   ACTACTTTGACTACTGGGGCCAAGGAACCCTGGTCACCGTCTCCTCAG
                                                     307 355   ACT[91mC[0mCT[91mA[0mTGAC[91mC[0mACTGGGGCCA[91mG[0mGGA[91mT[0m[91mG[0m[91mT[0m[91mG[0mTGG[91mA[0mCACCGTCTCCTCAG (tryp -1)
          [1m[91mv[0m[0m [95m3[0m-[95mnl1[0m [93m01[0m                    1130           0 290   CAGGTGCAGCTGGTGGAGTCTGGGGGAGGCGTGGTCCAGCCTGGGGGGTCCCTGAGACTCTCCTGTGCAGCGTCTGGATTCACCTTCAGTAGCTATGGCATGCACTGGGTCCGCCAGGCTCCAGGCAAGGGGCTGGAGTGGGTCTCAGTTATTTATAGCGGTGGTAGTAGCACATACTATGCAGACTCCGTGAAGGGCCGATTCACCATCTCCAGAGACAATTCCAAGAACACGCTGTATCTGCAAATGAACAGCCTGAGAGCTGAGGACACGGCTGTGTATTACTGTGC
                                                       0 290   CAGGTGCAGCTGGT[91mC[0mGAG[91mC[0mCTGGGGGAGG[91mG[0mGTGGT[91mT[0m[91mT[0mA[91mC[0mCCTG[91mA[0mGGGGTCCCTGA[91mA[0mACTCTC[91mT[0mTGTGCAGCGTCTG[91mA[0mATTCACCTTCAGTAGCTATG[91mT[0mCATGCACT[91mC[0m[91mC[0mG[91mC[0mCCGCC[91mC[0mGGCTCCAGGCAAGGGG[91mA[0mTGGAGTGGGTCTCA[91mC[0m[91mA[0mTATTTATAGCGG[91mA[0mGGTAGTAGCACATACTATGCAGA[91mT[0mTCCG[91mC[0mGA[91mG[0mGGGCC[91mA[0m[91mG[0mTTCA[91mG[0m[91mG[0mATCTCCAGAGACAATT[91mT[0mCAAGAACAC[91mT[0m[91mT[0mTG[91mC[0m[91mT[0mTCT[91mC[0mCAAATGA[91mG[0mCAG[91mG[0mCTGA[91mT[0mA[91mC[0mCTGAGGACA[91mT[0m[91mA[0m[91mA[0mCTGTGTATTACTGT[91mC[0mC (cyst -1)
          [1m[91md[0m[0m [95m1[0m-[95m26[0m [93m01[0m                       41           6  19   GTGGGAGCTACTA
                                                     295 308   GTGGGA[91mA[0mC[91mG[0mAC[91mC[0mA 
          [1m[91md[0m[0m [95m1[0m-[95m20[0m [93m01[0m                       40           9  17   GGAACGAC
                                                     298 306   GGAACGAC 
          [1m[91md[0m[0m [95m1[0m-[95m1[0m [93m01[0m                        40           9  17   GGAACGAC
                                                     298 306   GGAACGAC 
          [1m[91md[0m[0m [95m5[0m-[95m12[0m [93m01[0m                       34           9  19   GTGGCTACGA
                                                     295 305   GTGG[91mG[0m[91mA[0mACGA 
          [1m[91md[0m[0m [95m4[0m-[95m23[0m [93m01[0m                       32           8  16   GTGGTAAC
                                                     295 303   GTGG[91mG[0mAAC 
          [1m[91mj[0m[0m [95m4[0m [93m02[0m                         184           0  48   ACTACTTTGACTACTGGGGCCAGGGAACCCTGGTCACCGTCTCCTCAG
                                                     307 355   AC[91mC[0mACT[91mA[0mTGAC[91mC[0m[91mT[0mCTGGGGCCAGGGAA[91mG[0mCC[91mC[0mGG[91mC[0mCACCGTCTCCTCAG (tryp -1)
          [1m[91mj[0m[0m [95m4[0m [93m01[0m                         176           0  48   ACTACTTTGACTACTGGGGCCAAGGAACCCTGGTCACCGTCTCCTCAG
                                                     307 355   AC[91mC[0mACT[91mA[0mTGAC[91mC[0m[91mT[0mCTGGGGCCA[91mG[0mGGAA[91mG[0mCC[91mC[0mGG[91mC[0mCACCGTCTCCTCAG (tryp -1)
          [1m[91mv[0m[0m [95m1[0m-[95m18[0m [93m04[0m                     1120           0 296   CAGGTTCAGCTGGTGCAGTCTGGAGCTGAGGTGAAGAAGCCTGGGGCCTCAGTGAAGGTCTCCTGCAAGGCTTCTGGTTACACCTTTACCAGCTACGGTATCAGCTGGGTGCGACAGGCCCCTGGACAAGGGCTTGAGTGGATGGGATGGATCAGCGCTTACAATGGTAACACAAACTATGCACAGAAGCTCCAGGGCAGAGTCACCATGACCACAGACACATCCACGAGCACAGCCTACATGGAGCTGAGGAGCCTGAGATCTGACGACACGGCCGTGTATTACTGTGCGAGAGA
                                                       0 296   C[91mT[0mGGTTCAGCTG[91mT[0mTGCA[91mC[0mTCTGGAGCTGAGGTG[91mG[0mAGAAGCCTGGGGCCTCAG[91mG[0mGAAGGTC[91mC[0mCCT[91mC[0mC[91mC[0mAGGCTTCT[91mC[0mG[91mC[0m[91mG[0mACACCTTTACC[91mG[0mGCTAC[91mC[0mGTATCAGCT[91mT[0mGGT[91mA[0mC[91mA[0mACAGGCCCCTGGACAAG[91mA[0mGCTTGAGTGGATGGG[91mC[0mTGGATCAGCGCT[91mA[0mACAATGGTAACACAA[91mT[0m[91mT[0mTATGCA[91mA[0mA[91mA[0mAA[91mA[0m[91mA[0mTCCA[91mC[0mGGCAGAGTCACCATGA[91mG[0mCACAGACA[91mT[0mATCC[91mT[0mC[91mC[0m[91mG[0m[91mT[0mCACAGCCTAC[91mG[0mTGGA[91mT[0m[91mA[0mTG[91mG[0m[91mC[0mGAG[91mT[0mCT[91mA[0mA[91mA[0mATCTGACGACACGGCC[91mC[0mT[91mA[0mTATTA[91mT[0mTGTGC[91mA[0m[91mC[0mGAGA (cyst -1)
          [1m[91mv[0m[0m [95m1[0m-[95m18[0m [93m01[0m                     1112           0 296   CAGGTTCAGCTGGTGCAGTCTGGAGCTGAGGTGAAGAAGCCTGGGGCCTCAGTGAAGGTCTCCTGCAAGGCTTCTGGTTACACCTTTACCAGCTATGGTATCAGCTGGGTGCGACAGGCCCCTGGACAAGGGCTTGAGTGGATGGGATGGATCAGCGCTTACAATGGTAACACAAACTATGCACAGAAGCTCCAGGGCAGAGTCACCATGACCACAGACACATCCACGAGCACAGCCTACATGGAGCTGAGGAGCCTGAGATCTGACGACACGGCCGTGTATTACTGTGCGAGAGA
                                                       0 296   C[91mT[0mGGTTCAGCTG[91mT[0mTGCA[91mC[0mTCTGGAGCTGAGGTG[91mG[0mAGAAGCCTGGGGCCTCAG[91mG[0mGAAGGTC[91mC[0mCCT[91mC[0mC[91mC[0mAGGCTTCT[91mC[0mG[91mC[0m[91mG[0mACACCTTTACC[91mG[0mGCTA[91mC[0m[91mC[0mGTATCAGCT[91mT[0mGGT[91mA[0mC[91mA[0mACAGGCCCCTGGACAAG[91mA[0mGCTTGAGTGGATGGG[91mC[0mTGGATCAGCGCT[91mA[0mACAATGGTAACACAA[91mT[0m[91mT[0mTATGCA[91mA[0mA[91mA[0mAA[91mA[0m[91mA[0mTCCA[91mC[0mGGCAGAGTCACCATGA[91mG[0mCACAGACA[91mT[0mATCC[91mT[0mC[91mC[0m[91mG[0m[91mT[0mCACAGCCTAC[91mG[0mTGGA[91mT[0m[91mA[0mTG[91mG[0m[91mC[0mGAG[91mT[0mCT[91mA[0mA[91mA[0mATCTGACGACACGGCC[91mC[0mT[91mA[0mTATTA[91mT[0mTGTGC[91mA[0m[91mC[0mGAGA (cyst -1)
          [1m[91mv[0m[0m [95m1[0m-[95m18[0m [93m03[0m                     1104           0 296   CAGGTTCAGCTGGTGCAGTCTGGAGCTGAGGTGAAGAAGCCTGGGGCCTCAGTGAAGGTCTCCTGCAAGGCTTCTGGTTACACCTTTACCAGCTATGGTATCAGCTGGGTGCGACAGGCCCCTGGACAAGGGCTTGAGTGGATGGGATGGATCAGCGCTTACAATGGTAACACAAACTATGCACAGAAGCTCCAGGGCAGAGTCACCATGACCACAGACACATCCACGAGCACAGCCTACATGGAGCTGAGGAGCCTGAGATCTGACGACATGGCCGTGTATTACTGTGCGAGAGA
                                                       0 296   C[91mT[0mGGTTCAGCTG[91mT[0mTGCA[91mC[0mTCTGGAGCTGAGGTG[91mG[0mAGAAGCCTGGGGCCTCAG[91mG[0mGAAGGTC[91mC[0mCCT[91mC[0mC[91mC[0mAGGCTTCT[91mC[0mG[91mC[0m[91mG[0mACACCTTTACC[91mG[0mGCTA[91mC[0m[91mC[0mGTATCAGCT[91mT[0mGGT[91mA[0mC[91mA[0mACAGGCCCCTGGACAAG[91mA[0mGCTTGAGTGGATGGG[91mC[0mTGGATCAGCGCT[91mA[0mACAATGGTAACACAA[91mT[0m[91mT[0mTATGCA[91mA[0mA[91mA[0mAA[91mA[0m[91mA[0mTCCA[91mC[0mGGCAGAGTCACCATGA[91mG[0mCACAGACA[91mT[0mATCC[91mT[0mC[91mC[0m[91mG[0m[91mT[0mCACAGCCTAC[91mG[0mTGGA[91mT[0m[91mA[0mTG[91mG[0m[91mC[0mGAG[91mT[0mCT[91mA[0mA[91mA[0mATCTGACGACA[91mC[0mGGCC[91mC[0mT[91mA[0mTATTA[91mT[0mTGTGC[91mA[0m[91mC[0mGAGA (cyst -1)
          [1m[91md[0m[0m [95m3[0m-[95m10[0m [93m01[0m                      119           1  28   TATTACTATGGTTCGGGGAGTTATTAT
                                                     297 324   T[91mT[0mTTACT[91mG[0mTGGTTCGGGGAGTTATTAT 
          [1m[91md[0m[0m [95m3[0m-[95m10[0m [93m02[0m                       85          10  27   GTTCGGGGAGTTATTAT
                                                     307 324   GTTCGGGGAGTTATTAT 
          [1m[91mj[0m[0m [95m4[0m [93m02[0m                         157           7  48   TGACTACTGGGGCCAGGGAACCCTGGTCACCGTCTCCTCAG
                                                     332 373   TG[91mT[0mCT[91mG[0mCTGGGGC[91mT[0mAGGGA[91mC[0mCC[91mT[0m[91mG[0mGGTCACCGTCTCCTCAG (tryp -1)
          [1m[91mj[0m[0m [95m4[0m [93m01[0m                         149           7  48   TGACTACTGGGGCCAAGGAACCCTGGTCACCGTCTCCTCAG
                                                     332 373   TG[91mT[0mCT[91mG[0mCTGGGGC[91mT[0mA[91mG[0mGGA[91mC[0mCC[91mT[0m[91mG[0mGGTCACCGTCTCCTCAG (tryp -1)
hamming clusters
   6908292022778775617    5003638848548733410   0.137    new cluster 6908292022778775617    adding 5003638848548733410 to 0
   6908292022778775617   -8705072300699866972   0.126    adding -8705072300699866972 to 0
   6908292022778775617    8281787747724823462   0.685    removing link
   6908292022778775617   -1058568472630534110   0.126    adding -1058568472630534110 to 0
   6908292022778775617   -4263042542829327057   0.685    removing link
   6908292022778775617   -6560282850987037449   0.676    removing link
   6908292022778775617   -8891295289119015880   0.228    adding -8891295289119015880 to 0
   5003638848548733410   -8705072300699866972   0.088     already together
   5003638848548733410    8281787747724823462   0.685    removing link
   5003638848548733410   -1058568472630534110   0.088     already together
   5003638848548733410   -4263042542829327057   0.685    removing link
   5003638848548733410   -6560282850987037449   0.679    removing link
   5003638848548733410   -8891295289119015880   0.231     already together
  -8705072300699866972    8281787747724823462   0.690    removing link
  -8705072300699866972   -1058568472630534110   0.011     already together
  -8705072300699866972   -4263042542829327057   0.704    removing link
  -8705072300699866972   -6560282850987037449   0.682    removing link
  -8705072300699866972   -8891295289119015880   0.239     already together
   8281787747724823462   -1058568472630534110   0.682    removing link
   8281787747724823462   -4263042542829327057   0.175    new cluster 8281787747724823462    adding -4263042542829327057 to 1
   8281787747724823462   -6560282850987037449   0.197    adding -6560282850987037449 to 1
   8281787747724823462   -8891295289119015880   0.685    removing link
  -1058568472630534110   -4263042542829327057   0.696    removing link
  -1058568472630534110   -6560282850987037449   0.673    removing link
  -1058568472630534110   -8891295289119015880   0.236     already together
  -4263042542829327057   -6560282850987037449   0.152     already together
  -4263042542829327057   -8891295289119015880   0.679    removing link
  -6560282850987037449   -8891295289119015880   0.676    removing link
  clusters:
   6908292022778775617 5003638848548733410 -8705072300699866972 -1058568472630534110 -8891295289119015880
   8281787747724823462 -4263042542829327057 -6560282850987037449
hmm clusters
   6908292022778775617    5003638848548733410   17.300    new cluster 6908292022778775617    adding 5003638848548733410 to 0
   6908292022778775617   -8705072300699866972   18.000    adding -8705072300699866972 to 0
   6908292022778775617   -1058568472630534110   17.531    adding -1058568472630534110 to 0
   6908292022778775617   -8891295289119015880   16.770    adding -8891295289119015880 to 0
   5003638848548733410   -8705072300699866972   17.128     already together
   5003638848548733410   -1058568472630534110   18.457     already together
   5003638848548733410   -8891295289119015880   17.761     already together
  -8705072300699866972   -1058568472630534110   17.618     already together
  -8705072300699866972   -8891295289119015880   16.410     already together
   8281787747724823462   -4263042542829327057   14.702    new cluster 8281787747724823462    adding -4263042542829327057 to 1
   8281787747724823462   -6560282850987037449   14.157    adding -6560282850987037449 to 1
  -1058568472630534110   -8891295289119015880   17.705     already together
  -4263042542829327057   -6560282850987037449   13.708     already together
  clusters:
   6908292022778775617 5003638848548733410 -8705072300699866972 -1058568472630534110 -8891295289119015880
   8281787747724823462 -4263042542829327057 -6560282850987037449
