          [1m[91mv[0m[0m [95m1[0m-[95m18[0m [93m04[0m                     1192           0 296   CAGGTTCAGCTGGTGCAGTCTGGAGCTGAGGTGAAGAAGCCTGGGGCCTCAGTGAAGGTCTCCTGCAAGGCTTCTGGTTACACCTTTACCAGCTACGGTATCAGCTGGGTGCGACAGGCCCCTGGACAAGGGCTTGAGTGGATGGGATGGATCAGCGCTTACAATGGTAACACAAACTATGCACAGAAGCTCCAGGGCAGAGTCACCATGACCACAGACACATCCACGAGCACAGCCTACATGGAGCTGAGGAGCCTGAGATCTGACGACACGGCCGTGTATTACTGTGCGAGAGA
                                                       0 296   CAGGTTCAGCTGGT[91mC[0mCAGT[91mG[0m[91mA[0mGGA[91mT[0mCTGAGGTGAAGAAGCCTGGGG[91mT[0mCTCAG[91mC[0mGAAGGTCTC[91mT[0m[91mA[0mGCAAG[91mC[0mCTTCTGGTTACACCTTTACCAGCTACGGTAT[91mT[0m[91mG[0mGCT[91mC[0mGGTGCGACAGGC[91mT[0mCCTG[91mC[0mACAAGGGCTTGAGTGG[91mG[0mTG[91mA[0mGATGGATCAGCGCTTACAATGGTAACACAAACTA[91mA[0mG[91mG[0mACAGAA[91mA[0m[91mG[0mTCCAGGGCA[91mC[0mA[91mC[0mTCACCATGACC[91mG[0m[91mA[0mAGAC[91mG[0mCATCC[91mT[0mCGA[91mC[0m[91mT[0mACA[91mA[0mCCTA[91mG[0mATGGAGCTG[91mG[0mGGAG[91mG[0mCTGAG[91mC[0mTCTGACGACACGGCCGT[91mT[0mTATTACTGT[91mC[0mCGAGA[91mC[0mA (cyst -1)
          [1m[91mv[0m[0m [95m1[0m-[95m18[0m [93m01[0m                     1184           0 296   CAGGTTCAGCTGGTGCAGTCTGGAGCTGAGGTGAAGAAGCCTGGGGCCTCAGTGAAGGTCTCCTGCAAGGCTTCTGGTTACACCTTTACCAGCTATGGTATCAGCTGGGTGCGACAGGCCCCTGGACAAGGGCTTGAGTGGATGGGATGGATCAGCGCTTACAATGGTAACACAAACTATGCACAGAAGCTCCAGGGCAGAGTCACCATGACCACAGACACATCCACGAGCACAGCCTACATGGAGCTGAGGAGCCTGAGATCTGACGACACGGCCGTGTATTACTGTGCGAGAGA
                                                       0 296   CAGGTTCAGCTGGT[91mC[0mCAGT[91mG[0m[91mA[0mGGA[91mT[0mCTGAGGTGAAGAAGCCTGGGG[91mT[0mCTCAG[91mC[0mGAAGGTCTC[91mT[0m[91mA[0mGCAAG[91mC[0mCTTCTGGTTACACCTTTACCAGCTA[91mC[0mGGTAT[91mT[0m[91mG[0mGCT[91mC[0mGGTGCGACAGGC[91mT[0mCCTG[91mC[0mACAAGGGCTTGAGTGG[91mG[0mTG[91mA[0mGATGGATCAGCGCTTACAATGGTAACACAAACTA[91mA[0mG[91mG[0mACAGAA[91mA[0m[91mG[0mTCCAGGGCA[91mC[0mA[91mC[0mTCACCATGACC[91mG[0m[91mA[0mAGAC[91mG[0mCATCC[91mT[0mCGA[91mC[0m[91mT[0mACA[91mA[0mCCTA[91mG[0mATGGAGCTG[91mG[0mGGAG[91mG[0mCTGAG[91mC[0mTCTGACGACACGGCCGT[91mT[0mTATTACTGT[91mC[0mCGAGA[91mC[0mA (cyst -1)
          [1m[91mv[0m[0m [95m1[0m-[95m18[0m [93m03[0m                     1176           0 296   CAGGTTCAGCTGGTGCAGTCTGGAGCTGAGGTGAAGAAGCCTGGGGCCTCAGTGAAGGTCTCCTGCAAGGCTTCTGGTTACACCTTTACCAGCTATGGTATCAGCTGGGTGCGACAGGCCCCTGGACAAGGGCTTGAGTGGATGGGATGGATCAGCGCTTACAATGGTAACACAAACTATGCACAGAAGCTCCAGGGCAGAGTCACCATGACCACAGACACATCCACGAGCACAGCCTACATGGAGCTGAGGAGCCTGAGATCTGACGACATGGCCGTGTATTACTGTGCGAGAGA
                                                       0 296   CAGGTTCAGCTGGT[91mC[0mCAGT[91mG[0m[91mA[0mGGA[91mT[0mCTGAGGTGAAGAAGCCTGGGG[91mT[0mCTCAG[91mC[0mGAAGGTCTC[91mT[0m[91mA[0mGCAAG[91mC[0mCTTCTGGTTACACCTTTACCAGCTA[91mC[0mGGTAT[91mT[0m[91mG[0mGCT[91mC[0mGGTGCGACAGGC[91mT[0mCCTG[91mC[0mACAAGGGCTTGAGTGG[91mG[0mTG[91mA[0mGATGGATCAGCGCTTACAATGGTAACACAAACTA[91mA[0mG[91mG[0mACAGAA[91mA[0m[91mG[0mTCCAGGGCA[91mC[0mA[91mC[0mTCACCATGACC[91mG[0m[91mA[0mAGAC[91mG[0mCATCC[91mT[0mCGA[91mC[0m[91mT[0mACA[91mA[0mCCTA[91mG[0mATGGAGCTG[91mG[0mGGAG[91mG[0mCTGAG[91mC[0mTCTGACGACA[91mC[0mGGCCGT[91mT[0mTATTACTGT[91mC[0mCGAGA[91mC[0mA (cyst -1)
          [1m[91md[0m[0m [95m3[0m-[95m10[0m [93m01[0m                      100           2  30   ATTACTATGGTTCGGGGAGTTATTATAA
                                                     298 326   ATTACTATG[91mT[0mTTCG[91mA[0mGGA[91mT[0m[91mA[0mTATTAT[91mC[0mA 
          [1m[91md[0m[0m [95m3[0m-[95m3[0m [93m01[0m                        74           2  28   ATTACGATTTTTGGAGTGGTTATTAT
                                                     298 324   ATTAC[91mT[0mAT[91mG[0mTTT[91mC[0mGAG[91mG[0m[91mA[0m[91mT[0m[91mA[0mTATTAT 
          [1m[91md[0m[0m [95m3[0m-[95m9[0m [93m01[0m                        68           2  30   ATTACGATATTTTGACTGGTTATTATAA
                                                     298 326   ATTAC[91mT[0mAT[91mG[0mTTT[91mC[0mGA[91mG[0m[91mG[0m[91mA[0m[91mT[0m[91mA[0mTATTAT[91mC[0mA 
          [1m[91md[0m[0m [95m3[0m-[95m3[0m [93m02[0m                        66           2  28   ATTAGCATTTTTGGAGTGGTTATTAT
                                                     298 324   ATTA[91mC[0m[91mT[0mAT[91mG[0mTTT[91mC[0mGAG[91mG[0m[91mA[0m[91mT[0m[91mA[0mTATTAT 
          [1m[91md[0m[0m [95m3[0m-[95m22[0m [93m01[0m                       61           2  27   ATTACTATGATAGTAGTGGTTATTA
                                                     298 323   ATTACTATG[91mT[0mT[91mT[0m[91mC[0m[91mG[0mAG[91mG[0m[91mA[0m[91mT[0m[91mA[0mTATTA 
          [1m[91mj[0m[0m [95m4[0m [93m02[0m                         173           7  48   TGACTACTGGGGCCAGGGAACCCTGGTCACCGTCTCCTCAG
                                                     332 373   TGACTACTGGGGCCAGGGA[91mC[0m[91mT[0m[91mG[0mCTGGTCACCGTCTCC[91mA[0mCAG (tryp -1)
          [1m[91mj[0m[0m [95m4[0m [93m01[0m                         165           7  48   TGACTACTGGGGCCAAGGAACCCTGGTCACCGTCTCCTCAG
                                                     332 373   TGACTACTGGGGCCA[91mG[0mGGA[91mC[0m[91mT[0m[91mG[0mCTGGTCACCGTCTCC[91mA[0mCAG (tryp -1)
          [1m[91mv[0m[0m [95m1[0m-[95m18[0m [93m04[0m                     1168           0 296   CAGGTTCAGCTGGTGCAGTCTGGAGCTGAGGTGAAGAAGCCTGGGGCCTCAGTGAAGGTCTCCTGCAAGGCTTCTGGTTACACCTTTACCAGCTACGGTATCAGCTGGGTGCGACAGGCCCCTGGACAAGGGCTTGAGTGGATGGGATGGATCAGCGCTTACAATGGTAACACAAACTATGCACAGAAGCTCCAGGGCAGAGTCACCATGACCACAGACACATCCACGAGCACAGCCTACATGGAGCTGAGGAGCCTGAGATCTGACGACACGGCCGTGTATTACTGTGCGAGAGA
                                                       0 296   CAGGTTCAGCTGGT[91mC[0mCAGT[91mG[0m[91mA[0mGGA[91mC[0mCTGA[91mA[0mGT[91mA[0mAAGAAGCCTGGGGCCTCAG[91mC[0mGAA[91mC[0mGTCTC[91mT[0m[91mA[0mGCAAG[91mC[0mCTTCTGGTTACACCTTTACCAGCTACGGTAT[91mT[0m[91mG[0mGCT[91mC[0mGGTG[91mT[0mGACAGGC[91mT[0mCCTG[91mC[0mACAAGGGCTTGAGTGGATG[91mA[0mGATGGATCAGCGCTTACAATGGTAACACAAACTA[91mA[0mGCACAGAAG[91mA[0mT[91mA[0mC[91mC[0mGGGCAGA[91mA[0mTCA[91mT[0mCATGAC[91mA[0mACA[91mC[0mAC[91mG[0mCATC[91mT[0m[91mT[0mCGA[91mC[0mCACA[91mA[0mCCTACA[91mC[0mGGAG[91mT[0mTG[91mG[0mGG[91mT[0m[91mA[0m[91mG[0mCTGAGATCTGACGACACGGCCGT[91mT[0mTATTACTGT[91mC[0mCGAGAGA (cyst -1)
          [1m[91mv[0m[0m [95m1[0m-[95m18[0m [93m01[0m                     1160           0 296   CAGGTTCAGCTGGTGCAGTCTGGAGCTGAGGTGAAGAAGCCTGGGGCCTCAGTGAAGGTCTCCTGCAAGGCTTCTGGTTACACCTTTACCAGCTATGGTATCAGCTGGGTGCGACAGGCCCCTGGACAAGGGCTTGAGTGGATGGGATGGATCAGCGCTTACAATGGTAACACAAACTATGCACAGAAGCTCCAGGGCAGAGTCACCATGACCACAGACACATCCACGAGCACAGCCTACATGGAGCTGAGGAGCCTGAGATCTGACGACACGGCCGTGTATTACTGTGCGAGAGA
                                                       0 296   CAGGTTCAGCTGGT[91mC[0mCAGT[91mG[0m[91mA[0mGGA[91mC[0mCTGA[91mA[0mGT[91mA[0mAAGAAGCCTGGGGCCTCAG[91mC[0mGAA[91mC[0mGTCTC[91mT[0m[91mA[0mGCAAG[91mC[0mCTTCTGGTTACACCTTTACCAGCTA[91mC[0mGGTAT[91mT[0m[91mG[0mGCT[91mC[0mGGTG[91mT[0mGACAGGC[91mT[0mCCTG[91mC[0mACAAGGGCTTGAGTGGATG[91mA[0mGATGGATCAGCGCTTACAATGGTAACACAAACTA[91mA[0mGCACAGAAG[91mA[0mT[91mA[0mC[91mC[0mGGGCAGA[91mA[0mTCA[91mT[0mCATGAC[91mA[0mACA[91mC[0mAC[91mG[0mCATC[91mT[0m[91mT[0mCGA[91mC[0mCACA[91mA[0mCCTACA[91mC[0mGGAG[91mT[0mTG[91mG[0mGG[91mT[0m[91mA[0m[91mG[0mCTGAGATCTGACGACACGGCCGT[91mT[0mTATTACTGT[91mC[0mCGAGAGA (cyst -1)
          [1m[91mv[0m[0m [95m1[0m-[95m18[0m [93m03[0m                     1152           0 296   CAGGTTCAGCTGGTGCAGTCTGGAGCTGAGGTGAAGAAGCCTGGGGCCTCAGTGAAGGTCTCCTGCAAGGCTTCTGGTTACACCTTTACCAGCTATGGTATCAGCTGGGTGCGACAGGCCCCTGGACAAGGGCTTGAGTGGATGGGATGGATCAGCGCTTACAATGGTAACACAAACTATGCACAGAAGCTCCAGGGCAGAGTCACCATGACCACAGACACATCCACGAGCACAGCCTACATGGAGCTGAGGAGCCTGAGATCTGACGACATGGCCGTGTATTACTGTGCGAGAGA
                                                       0 296   CAGGTTCAGCTGGT[91mC[0mCAGT[91mG[0m[91mA[0mGGA[91mC[0mCTGA[91mA[0mGT[91mA[0mAAGAAGCCTGGGGCCTCAG[91mC[0mGAA[91mC[0mGTCTC[91mT[0m[91mA[0mGCAAG[91mC[0mCTTCTGGTTACACCTTTACCAGCTA[91mC[0mGGTAT[91mT[0m[91mG[0mGCT[91mC[0mGGTG[91mT[0mGACAGGC[91mT[0mCCTG[91mC[0mACAAGGGCTTGAGTGGATG[91mA[0mGATGGATCAGCGCTTACAATGGTAACACAAACTA[91mA[0mGCACAGAAG[91mA[0mT[91mA[0mC[91mC[0mGGGCAGA[91mA[0mTCA[91mT[0mCATGAC[91mA[0mACA[91mC[0mAC[91mG[0mCATC[91mT[0m[91mT[0mCGA[91mC[0mCACA[91mA[0mCCTACA[91mC[0mGGAG[91mT[0mTG[91mG[0mGG[91mT[0m[91mA[0m[91mG[0mCTGAGATCTGACGACA[91mC[0mGGCCGT[91mT[0mTATTACTGT[91mC[0mCGAGAGA (cyst -1)
          [1m[91md[0m[0m [95m3[0m-[95m10[0m [93m01[0m                       92           2  30   ATTACTATGGTTCGGGGAGTTATTATAA
                                                     298 326   ATTACTATGGTTCG[91mA[0mGGA[91mT[0m[91mA[0mTAT[91mC[0m[91mC[0mT[91mC[0mA 
          [1m[91md[0m[0m [95m3[0m-[95m16[0m [93m02[0m                       60           5  33   ATGATTACGTTTGGGGGAGTTATCGTTA
                                                     298 326   AT[91mT[0mA[91mC[0mTA[91mT[0mG[91mG[0mTT[91mC[0mG[91mA[0mGGA[91mT[0m[91mA[0mTATC[91mC[0mT[91mC[0mA 
          [1m[91md[0m[0m [95m3[0m-[95m16[0m [93m01[0m                       60           5  33   ATGATTACGTTTGGGGGAGTTATGCTTA
                                                     298 326   AT[91mT[0mA[91mC[0mTA[91mT[0mG[91mG[0mTT[91mC[0mG[91mA[0mGGA[91mT[0m[91mA[0mTAT[91mC[0mCT[91mC[0mA 
          [1m[91md[0m[0m [95m3[0m-[95m3[0m [93m01[0m                        51           2  25   ATTACGATTTTTGGAGTGGTTAT
                                                     298 321   ATTAC[91mT[0mAT[91mG[0m[91mG[0mTT[91mC[0mGAG[91mG[0m[91mA[0m[91mT[0m[91mA[0mTAT 
          [1m[91md[0m[0m [95m3[0m-[95m22[0m [93m01[0m                       51           2  25   ATTACTATGATAGTAGTGGTTAT
                                                     298 321   ATTACTATG[91mG[0mT[91mT[0m[91mC[0m[91mG[0mAG[91mG[0m[91mA[0m[91mT[0m[91mA[0mTAT 
          [1m[91mj[0m[0m [95m4[0m [93m02[0m                         173           7  48   TGACTACTGGGGCCAGGGAACCCTGGTCACCGTCTCCTCAG
                                                     332 373   TG[91mC[0mCTACTGGGGCCAGGGA[91mC[0m[91mT[0m[91mG[0mCTGGTCACCGTCTCCTCAG (tryp -1)
          [1m[91mj[0m[0m [95m4[0m [93m01[0m                         165           7  48   TGACTACTGGGGCCAAGGAACCCTGGTCACCGTCTCCTCAG
                                                     332 373   TG[91mC[0mCTACTGGGGCCA[91mG[0mGGA[91mC[0m[91mT[0m[91mG[0mCTGGTCACCGTCTCCTCAG (tryp -1)
    true:                                                                                                                                                                                                                                                                                                       C                           GAATGAGGT                                           inserts
                                                                                                                                                                                                                                                                                                                .TATTACTATGGTTCGGGGAGTTATTAT...                                                   [1m[91md[0m[0m [95m3[0m-[95m10[0m [93m01[0m
        CAGGTTCAGCTGGTGCAGTCTGGAGCTGAGGTGAAGAAGCCTGGGGCCTCAGTGAAGGTCTCCTGCAAGGCTTCTGGTTACACCTTTACCAGCTACGGTATCAGCTGGGTGCGACAGGCCCCTGGACAAGGGCTTGAGTGGATGGGATGGATCAGCGCTTACAATGGTAACACAAACTATGCACAGAAGCTCCAGGGCAGAGTCACCATGACCACAGACACATCCACGAGCACAGCCTACATGGAGCTGAGGAGCCTGAGATCTGACGACACGGCCGTGTATTACTGTGCGAGAGA                             ........GACTACTGGGGCCAGGGAACCCTGGTCACCGTCTCCTCAG     [1m[91mv[0m[0m [95m1[0m-[95m18[0m [93m04[0m,  [1m[91mj[0m[0m [95m4[0m [93m02[0m
        CAGGTTCAGCTGGT[91mC[0mCAGT[91mG[0m[91mA[0mGGA[91mT[0mCTGAGGTGAAGAAGCCTGGGG[91mT[0mCTCAG[91mC[0mGAAGGTCTC[91mT[0m[91mA[0mGCAAG[91mC[0mCTTCTGGTTACACCTTTACCAGCTACGGTAT[91mT[0m[91mG[0mGCT[91mC[0mGGTGCGACAGGC[91mT[0mCCTG[91mC[0mACAAGGGCTTGAGTGG[91mG[0mTG[91mA[0mGATGGATCAGCGCTTACAATGGTAACACAAACTA[91mA[0mG[91mG[0mACAGAA[91mA[0m[91mG[0mTCCAGGGCA[91mC[0mA[91mC[0mTCACCATGACC[91mG[0m[91mA[0mAGAC[91mG[0mCATCC[91mT[0mCGA[91mC[0m[91mT[0mACA[91mA[0mCCTA[91mG[0mATGGAGCTG[91mG[0mGGAG[91mG[0mCTGAG[91mC[0mTCTGACGACACGGCCGT[91mT[0mTATTAC[7mT[m[7mG[m[7mT[m[91mC[0mCGAGA[91mC[0mAC[91mC[0mATTACTATG[91mT[0mTTCG[91mA[0mGGA[91mT[0m[91mA[0mTATTAT[91mC[0mAATGAGGTGACTAC[7mT[m[7mG[m[7mG[mGGCCAGGGA[91mC[0m[91mT[0m[91mG[0mCTGGTCACCGTCTCC[91mA[0mCAG   muted: 0.12   cdr3: 57
        CAGGTTCAGCTGGT[91mC[0mCAGT[91mG[0m[91mA[0mGGA[91mC[0mCTGA[91mA[0mGT[91mA[0mAAGAAGCCTGGGGCCTCAG[91mC[0mGAA[91mC[0mGTCTC[91mT[0m[91mA[0mGCAAG[91mC[0mCTTCTGGTTACACCTTTACCAGCTACGGTAT[91mT[0m[91mG[0mGCT[91mC[0mGGTG[91mT[0mGACAGGC[91mT[0mCCTG[91mC[0mACAAGGGCTTGAGTGGATG[91mA[0mGATGGATCAGCGCTTACAATGGTAACACAAACTA[91mA[0mGCACAGAAG[91mA[0mT[91mA[0mC[91mC[0mGGGCAGA[91mA[0mTCA[91mT[0mCATGAC[91mA[0mACA[91mC[0mAC[91mG[0mCATC[91mT[0m[91mT[0mCGA[91mC[0mCACA[91mA[0mCCTACA[91mC[0mGGAG[91mT[0mTG[91mG[0mGG[91mT[0m[91mA[0m[91mG[0mCTGAGATCTGACGACACGGCCGT[91mT[0mTATTAC[7mT[m[7mG[m[7mT[m[91mC[0mCGAGAGAC[91mC[0mATTACTATGGTTCG[91mA[0mGGA[91mT[0m[91mA[0mTAT[91mC[0m[91mC[0mT[91mC[0mAATGAGGTG[91mC[0mCTAC[7mT[m[7mG[m[7mG[mGGCCAGGGA[91mC[0m[91mT[0m[91mG[0mCTGGTCACCGTCTCCTCAG   muted: 0.13   cdr3: 57
    inferred:                                                                                                                                                                                                                                                                                                   CC                          CAATGAGG                                            inserts
                                                                                                                                                                                                                                                                                                                ..ATTACTATGGTTCGGGGAGTTATTAT...                                                   [1m[91md[0m[0m [95m3[0m-[95m10[0m [93m01[0m
        CAGGTTCAGCTGGTGCAGTCTGGAGCTGAGGTGAAGAAGCCTGGGGCCTCAGTGAAGGTCTCCTGCAAGGCTTCTGGTTACACCTTTACCAGCTACGGTATCAGCTGGGTGCGACAGGCCCCTGGACAAGGGCTTGAGTGGATGGGATGGATCAGCGCTTACAATGGTAACACAAACTATGCACAGAAGCTCCAGGGCAGAGTCACCATGACCACAGACACATCCACGAGCACAGCCTACATGGAGCTGAGGAGCCTGAGATCTGACGACACGGCCGTGTATTACTGTGCGAGAGA                             .......TGACTACTGGGGCCAGGGAACCCTGGTCACCGTCTCCTCAG     [1m[91mv[0m[0m [95m1[0m-[95m18[0m [93m04[0m,  [1m[91mj[0m[0m [95m4[0m [93m02[0m
        CAGGTTCAGCTGGT[91mC[0mCAGT[91mG[0m[91mA[0mGGA[91mT[0mCTGAGGTGAAGAAGCCTGGGG[91mT[0mCTCAG[91mC[0mGAAGGTCTC[91mT[0m[91mA[0mGCAAG[91mC[0mCTTCTGGTTACACCTTTACCAGCTACGGTAT[91mT[0m[91mG[0mGCT[91mC[0mGGTGCGACAGGC[91mT[0mCCTG[91mC[0mACAAGGGCTTGAGTGG[91mG[0mTG[91mA[0mGATGGATCAGCGCTTACAATGGTAACACAAACTA[91mA[0mG[91mG[0mACAGAA[91mA[0m[91mG[0mTCCAGGGCA[91mC[0mA[91mC[0mTCACCATGACC[91mG[0m[91mA[0mAGAC[91mG[0mCATCC[91mT[0mCGA[91mC[0m[91mT[0mACA[91mA[0mCCTA[91mG[0mATGGAGCTG[91mG[0mGGAG[91mG[0mCTGAG[91mC[0mTCTGACGACACGGCCGT[91mT[0mTATTAC[7mT[m[7mG[m[7mT[m[91mC[0mCGAGA[91mC[0mACCATTACTATG[91mT[0mTTCG[91mA[0mGGA[91mT[0m[91mA[0mTATTATCAATGAGGTGACTAC[7mT[m[7mG[m[7mG[mGGCCAGGGA[91mC[0m[91mT[0m[91mG[0mCTGGTCACCGTCTCC[91mA[0mCAG   muted: 0.12  score: -398.532   cdr3: 57
        CAGGTTCAGCTGGT[91mC[0mCAGT[91mG[0m[91mA[0mGGA[91mC[0mCTGA[91mA[0mGT[91mA[0mAAGAAGCCTGGGGCCTCAG[91mC[0mGAA[91mC[0mGTCTC[91mT[0m[91mA[0mGCAAG[91mC[0mCTTCTGGTTACACCTTTACCAGCTACGGTAT[91mT[0m[91mG[0mGCT[91mC[0mGGTG[91mT[0mGACAGGC[91mT[0mCCTG[91mC[0mACAAGGGCTTGAGTGGATG[91mA[0mGATGGATCAGCGCTTACAATGGTAACACAAACTA[91mA[0mGCACAGAAG[91mA[0mT[91mA[0mC[91mC[0mGGGCAGA[91mA[0mTCA[91mT[0mCATGAC[91mA[0mACA[91mC[0mAC[91mG[0mCATC[91mT[0m[91mT[0mCGA[91mC[0mCACA[91mA[0mCCTACA[91mC[0mGGAG[91mT[0mTG[91mG[0mGG[91mT[0m[91mA[0m[91mG[0mCTGAGATCTGACGACACGGCCGT[91mT[0mTATTAC[7mT[m[7mG[m[7mT[m[91mC[0mCGAGAGACCATTACTATGGTTCG[91mA[0mGGA[91mT[0m[91mA[0mTAT[91mC[0m[91mC[0mTCAATGAGGTG[91mC[0mCTAC[7mT[m[7mG[m[7mG[mGGCCAGGGA[91mC[0m[91mT[0m[91mG[0mCTGGTCACCGTCTCCTCAG   muted: 0.13  score: -398.532   cdr3: 57
                                                                                                                                                                                                                                                                                                                CC                            ATGAGG                                            inserts
                                                                                                                                                                                                                                                                                                                ..ATTACTATGGTTCGGGGAGTTATTATAA.                                                   [1m[91md[0m[0m [95m3[0m-[95m10[0m [93m01[0m
        CAGGTTCAGCTGGTGCAGTCTGGAGCTGAGGTGAAGAAGCCTGGGGCCTCAGTGAAGGTCTCCTGCAAGGCTTCTGGTTACACCTTTACCAGCTACGGTATCAGCTGGGTGCGACAGGCCCCTGGACAAGGGCTTGAGTGGATGGGATGGATCAGCGCTTACAATGGTAACACAAACTATGCACAGAAGCTCCAGGGCAGAGTCACCATGACCACAGACACATCCACGAGCACAGCCTACATGGAGCTGAGGAGCCTGAGATCTGACGACACGGCCGTGTATTACTGTGCGAGAGA                             .......TGACTACTGGGGCCAGGGAACCCTGGTCACCGTCTCCTCAG     [1m[91mv[0m[0m [95m1[0m-[95m18[0m [93m04[0m,  [1m[91mj[0m[0m [95m4[0m [93m02[0m
        CAGGTTCAGCTGGT[91mC[0mCAGT[91mG[0m[91mA[0mGGA[91mT[0mCTGAGGTGAAGAAGCCTGGGG[91mT[0mCTCAG[91mC[0mGAAGGTCTC[91mT[0m[91mA[0mGCAAG[91mC[0mCTTCTGGTTACACCTTTACCAGCTACGGTAT[91mT[0m[91mG[0mGCT[91mC[0mGGTGCGACAGGC[91mT[0mCCTG[91mC[0mACAAGGGCTTGAGTGG[91mG[0mTG[91mA[0mGATGGATCAGCGCTTACAATGGTAACACAAACTA[91mA[0mG[91mG[0mACAGAA[91mA[0m[91mG[0mTCCAGGGCA[91mC[0mA[91mC[0mTCACCATGACC[91mG[0m[91mA[0mAGAC[91mG[0mCATCC[91mT[0mCGA[91mC[0m[91mT[0mACA[91mA[0mCCTA[91mG[0mATGGAGCTG[91mG[0mGGAG[91mG[0mCTGAG[91mC[0mTCTGACGACACGGCCGT[91mT[0mTATTAC[7mT[m[7mG[m[7mT[m[91mC[0mCGAGA[91mC[0mACCATTACTATG[91mT[0mTTCG[91mA[0mGGA[91mT[0m[91mA[0mTATTAT[91mC[0mAATGAGGTGACTAC[7mT[m[7mG[m[7mG[mGGCCAGGGA[91mC[0m[91mT[0m[91mG[0mCTGGTCACCGTCTCC[91mA[0mCAG   muted: 0.12  score: -399.248   cdr3: 57
        CAGGTTCAGCTGGT[91mC[0mCAGT[91mG[0m[91mA[0mGGA[91mC[0mCTGA[91mA[0mGT[91mA[0mAAGAAGCCTGGGGCCTCAG[91mC[0mGAA[91mC[0mGTCTC[91mT[0m[91mA[0mGCAAG[91mC[0mCTTCTGGTTACACCTTTACCAGCTACGGTAT[91mT[0m[91mG[0mGCT[91mC[0mGGTG[91mT[0mGACAGGC[91mT[0mCCTG[91mC[0mACAAGGGCTTGAGTGGATG[91mA[0mGATGGATCAGCGCTTACAATGGTAACACAAACTA[91mA[0mGCACAGAAG[91mA[0mT[91mA[0mC[91mC[0mGGGCAGA[91mA[0mTCA[91mT[0mCATGAC[91mA[0mACA[91mC[0mAC[91mG[0mCATC[91mT[0m[91mT[0mCGA[91mC[0mCACA[91mA[0mCCTACA[91mC[0mGGAG[91mT[0mTG[91mG[0mGG[91mT[0m[91mA[0m[91mG[0mCTGAGATCTGACGACACGGCCGT[91mT[0mTATTAC[7mT[m[7mG[m[7mT[m[91mC[0mCGAGAGACCATTACTATGGTTCG[91mA[0mGGA[91mT[0m[91mA[0mTAT[91mC[0m[91mC[0mT[91mC[0mAATGAGGTG[91mC[0mCTAC[7mT[m[7mG[m[7mG[mGGCCAGGGA[91mC[0m[91mT[0m[91mG[0mCTGGTCACCGTCTCCTCAG   muted: 0.13  score: -399.248   cdr3: 57
                                                                                                                                                                                                                                                                                                                CC                       TATCAATGAGG                                            inserts
                                                                                                                                                                                                                                                                                                                ..ATTACTATGGTTCGGGGAGTTAT......                                                   [1m[91md[0m[0m [95m3[0m-[95m10[0m [93m01[0m
        CAGGTTCAGCTGGTGCAGTCTGGAGCTGAGGTGAAGAAGCCTGGGGCCTCAGTGAAGGTCTCCTGCAAGGCTTCTGGTTACACCTTTACCAGCTACGGTATCAGCTGGGTGCGACAGGCCCCTGGACAAGGGCTTGAGTGGATGGGATGGATCAGCGCTTACAATGGTAACACAAACTATGCACAGAAGCTCCAGGGCAGAGTCACCATGACCACAGACACATCCACGAGCACAGCCTACATGGAGCTGAGGAGCCTGAGATCTGACGACACGGCCGTGTATTACTGTGCGAGAGA                             .......TGACTACTGGGGCCAGGGAACCCTGGTCACCGTCTCCTCAG     [1m[91mv[0m[0m [95m1[0m-[95m18[0m [93m04[0m,  [1m[91mj[0m[0m [95m4[0m [93m02[0m
        CAGGTTCAGCTGGT[91mC[0mCAGT[91mG[0m[91mA[0mGGA[91mT[0mCTGAGGTGAAGAAGCCTGGGG[91mT[0mCTCAG[91mC[0mGAAGGTCTC[91mT[0m[91mA[0mGCAAG[91mC[0mCTTCTGGTTACACCTTTACCAGCTACGGTAT[91mT[0m[91mG[0mGCT[91mC[0mGGTGCGACAGGC[91mT[0mCCTG[91mC[0mACAAGGGCTTGAGTGG[91mG[0mTG[91mA[0mGATGGATCAGCGCTTACAATGGTAACACAAACTA[91mA[0mG[91mG[0mACAGAA[91mA[0m[91mG[0mTCCAGGGCA[91mC[0mA[91mC[0mTCACCATGACC[91mG[0m[91mA[0mAGAC[91mG[0mCATCC[91mT[0mCGA[91mC[0m[91mT[0mACA[91mA[0mCCTA[91mG[0mATGGAGCTG[91mG[0mGGAG[91mG[0mCTGAG[91mC[0mTCTGACGACACGGCCGT[91mT[0mTATTAC[7mT[m[7mG[m[7mT[m[91mC[0mCGAGA[91mC[0mACCATTACTATG[91mT[0mTTCG[91mA[0mGGA[91mT[0m[91mA[0mTATTATCAATGAGGTGACTAC[7mT[m[7mG[m[7mG[mGGCCAGGGA[91mC[0m[91mT[0m[91mG[0mCTGGTCACCGTCTCC[91mA[0mCAG   muted: 0.12  score: -401.504   cdr3: 57
        CAGGTTCAGCTGGT[91mC[0mCAGT[91mG[0m[91mA[0mGGA[91mC[0mCTGA[91mA[0mGT[91mA[0mAAGAAGCCTGGGGCCTCAG[91mC[0mGAA[91mC[0mGTCTC[91mT[0m[91mA[0mGCAAG[91mC[0mCTTCTGGTTACACCTTTACCAGCTACGGTAT[91mT[0m[91mG[0mGCT[91mC[0mGGTG[91mT[0mGACAGGC[91mT[0mCCTG[91mC[0mACAAGGGCTTGAGTGGATG[91mA[0mGATGGATCAGCGCTTACAATGGTAACACAAACTA[91mA[0mGCACAGAAG[91mA[0mT[91mA[0mC[91mC[0mGGGCAGA[91mA[0mTCA[91mT[0mCATGAC[91mA[0mACA[91mC[0mAC[91mG[0mCATC[91mT[0m[91mT[0mCGA[91mC[0mCACA[91mA[0mCCTACA[91mC[0mGGAG[91mT[0mTG[91mG[0mGG[91mT[0m[91mA[0m[91mG[0mCTGAGATCTGACGACACGGCCGT[91mT[0mTATTAC[7mT[m[7mG[m[7mT[m[91mC[0mCGAGAGACCATTACTATGGTTCG[91mA[0mGGA[91mT[0m[91mA[0mTAT[91mC[0m[91mC[0mTCAATGAGGTG[91mC[0mCTAC[7mT[m[7mG[m[7mG[mGGCCAGGGA[91mC[0m[91mT[0m[91mG[0mCTGGTCACCGTCTCCTCAG   muted: 0.13  score: -401.504   cdr3: 57
