unique_ids,v_gene,d_gene,j_gene,fv_insertion,vd_insertion,dj_insertion,jf_insertion,v_5p_del,v_3p_del,d_5p_del,d_3p_del,j_5p_del,j_3p_del,logprob,seqs,v_per_gene_support,d_per_gene_support,j_per_gene_support,errors
2505732031017111968:8746024070198857930,IGHV3-33*03,IGHD3-10*01,IGHJ4*02,,,G,,0,0,3,12,0,0,-276.15,CAGGTGCAGCTGGTGGAGTCCGGGGGAGCCGTGGTCCAGTTTGGGAGGTGCTTGAGACTCTCCTGTGCAGCGTCTGGATCCACTTCCAGTAGTTATGGCATGCACTGGGTCCGTCAGGCTCCAGGCAAGGGGCTGGAGTGGGTAGCAGTTATATGGTATGATCGAAGTAATGAATACTATGCAGACTCCGTGAGGGGCCGATTCATCGTCTCCGGGGATAACTCCAATAACACGGTGTATCTGCAAATGAACAGCCTGAGAATAGAGGACACGGCTGTTTATTACTGTGCGAAGGATTACTATGGTTGGGGGGACTCCTTTGACTACTGGGGCCTGGGAACAGTGGTCACCGTCTCCTCAG:CAGGTGCTGCTGGTGGAGTCTGGGGGAGCCGTGGTCCAGCCTGGCAGGTCCCTGAGACTCTCTTGTGCAGCGTCAGGATTCACCTTCAGTAGCTATGGCATGCATCGCGTCCGCCAGGCACCAGACAAGGGGCTGGAGTGGGTGGCAGTTATATGGAATGATGGAAGTAATAAATACTATGGGGACTCCATGAAGGGCCCATTCACCATCTCCAGTGACAACCCCAAGAACACGCTGTATGTGTAAATGACCAGCCTGAGACCCGACGACACGGCTATAAATTACTGTGTGAAAGATTTCTGTTGGTCGGGGGACTCCTTTGATTACTGGGGCCAGGGAACACGGGTTACCGTCTCCTCAG,IGHV3-33*03:-276.150159;IGHV3-33*01:-323.479257;IGHV3-33*06:-334.846136,IGHD3-10*01:-276.150159;IGHD3-10*02:-290.429097;IGHD3-3*01:-291.970004;IGHD3-16*02:-292.188980;IGHD2-8*02:-292.744406;IGHD3-16*01:-298.619979,IGHJ4*02:-276.150159;IGHJ4*01:-303.259319,
2505732031017111968:8746024070198857930,IGHV3-33*06,IGHD3-10*01,IGHJ3*02,,,,,0,2,1,12,1,0,-1065.03,CAGGTGCAGCTGGTGGAGTCCGGGGGAGCCGTGGTCCAGTTTGGGAGGTGCTTGAGACTCTCCTGTGCAGCGTCTGGATCCACTTCCAGTAGTTATGGCATGCACTGGGTCCGTCAGGCTCCAGGCAAGGGGCTGGAGTGGGTAGCAGTTATATGGTATGATCGAAGTAATGAATACTATGCAGACTCCGTGAGGGGCCGATTCATCGTCTCCGGGGATAACTCCAATAACACGGTGTATCTGCAAATGAACAGCCTGAGAATAGAGGACACGGCTGTTTATTACTGTGCGAAGGATTACTATGGTTGGGGGGACTCCTTTGACTACTGGGGCCTGGGAACAGTGGTCACCGTCTCCTCAG:TCCGGAGGTGAGGTGAAGAAGCCTAGGGGCTCAGTGAAGGTCTCCTGCGTGGCTTCTGGTTACACCTTTACCAGCTACTATATGCACTGGGTGTGACAGGCCCCTGAACAAGGGCTTGAGTGGATGGGATGGATCAGCGCTTACAATGGTAACACAAACTACCCACAGAAGCTCCAGGGCAGAGTCACCATGACCAGAGACACATCCACGAGCACACCGTACATGGAGATGAGCAGCCTGACATCTGGCGACAGGGGCATGTATTATTGTGGGAGAGCCCGGCATTACTATGGATCGGCGAATCTAGCGACTGCTGCCTTTGGAGACTGGGGCCAAGGGACCATGGTCACCGTCTCTTCAG,IGHV3-33*06:-1065.028770;IGHV3-33*03:-1083.117101;IGHV3-33*01:-1087.255989;IGHV1/OR15-2*03:-1339.715717;IGHV1/OR15-2*02:-1345.674392;IGHV1/OR15-2*01:-1348.009766,IGHD3-10*01:-1065.028770;IGHD3-3*01:-1071.394194;IGHD3-22*01:-1074.684342;IGHD3-16*02:-1077.232953;IGHD3-10*02:-1077.589261;IGHD3-16*01:-1081.991341;IGHD4/OR15-4b*01:-1082.512823;IGHD2-8*02:-1083.041877,IGHJ3*02:-1065.028770;IGHJ4*02:-1066.261207;IGHJ3*01:-1068.452422;IGHJ4*01:-1074.956534,
